Archive member included because of file (symbol)

.\CortexM3\ARM_GCC_493\Debug\Design01.a(cyfitter_cfg.o)
                              .\CortexM3\ARM_GCC_493\Debug\Cm3Start.o (cyfitter_cfg)
.\CortexM3\ARM_GCC_493\Debug\Design01.a(ADC_SAR_1.o)
                              .\CortexM3\ARM_GCC_493\Debug\main.o (ADC_SAR_1_Start)
.\CortexM3\ARM_GCC_493\Debug\Design01.a(ADC_SAR_1_INT.o)
                              .\CortexM3\ARM_GCC_493\Debug\Design01.a(ADC_SAR_1.o) (ADC_SAR_1_ISR)
.\CortexM3\ARM_GCC_493\Debug\Design01.a(I2C.o)
                              .\CortexM3\ARM_GCC_493\Debug\main.o (I2C_Start)
.\CortexM3\ARM_GCC_493\Debug\Design01.a(I2C_PM.o)
                              .\CortexM3\ARM_GCC_493\Debug\Design01.a(I2C.o) (I2C_backup)
.\CortexM3\ARM_GCC_493\Debug\Design01.a(I2C_INT.o)
                              .\CortexM3\ARM_GCC_493\Debug\Design01.a(I2C.o) (I2C_ISR)
.\CortexM3\ARM_GCC_493\Debug\Design01.a(ADC_SAR_1_theACLK.o)
                              .\CortexM3\ARM_GCC_493\Debug\Design01.a(ADC_SAR_1.o) (ADC_SAR_1_theACLK_SetModeRegister)
.\CortexM3\ARM_GCC_493\Debug\Design01.a(CyBootAsmGnu.o)
                              .\CortexM3\ARM_GCC_493\Debug\Design01.a(cyfitter_cfg.o) (CyDelayCycles)
.\CortexM3\ARM_GCC_493\Debug\Design01.a(CyDmac.o)
                              .\CortexM3\ARM_GCC_493\Debug\Cm3Start.o (CyDmacConfigure)
.\CortexM3\ARM_GCC_493\Debug\Design01.a(CyLib.o)
                              .\CortexM3\ARM_GCC_493\Debug\Cm3Start.o (CyHalt)
.\CortexM3\ARM_GCC_493\Debug\Design01.a(cyPm.o)
                              .\CortexM3\ARM_GCC_493\Debug\Design01.a(CyLib.o) (CyPmReadStatus)
.\CortexM3\ARM_GCC_493\Debug\Design01.a(Pin_Status_1.o)
                              .\CortexM3\ARM_GCC_493\Debug\main.o (Pin_Status_1_Write)
.\CortexM3\ARM_GCC_493\Debug\Design01.a(DMA_ADC2FILT_dma.o)
                              .\CortexM3\ARM_GCC_493\Debug\main.o (DMA_ADC2FILT_DmaInitialize)
.\CortexM3\ARM_GCC_493\Debug\Design01.a(ISR_DMA_FILT2RAM.o)
                              .\CortexM3\ARM_GCC_493\Debug\main.o (ISR_DMA_FILT2RAM_StartEx)
.\CortexM3\ARM_GCC_493\Debug\Design01.a(Filter.o)
                              .\CortexM3\ARM_GCC_493\Debug\main.o (Filter_Start)
.\CortexM3\ARM_GCC_493\Debug\Design01.a(Filter_PVT.o)
                              .\CortexM3\ARM_GCC_493\Debug\Design01.a(Filter.o) (Filter_SetInterruptMode)
.\CortexM3\ARM_GCC_493\Debug\Design01.a(Filter_RAM_Data.o)
                              .\CortexM3\ARM_GCC_493\Debug\Design01.a(Filter.o) (Filter_cfsm)
.\CortexM3\ARM_GCC_493\Debug\Design01.a(DMA_ADC2RAM_dma.o)
                              .\CortexM3\ARM_GCC_493\Debug\main.o (DMA_ADC2RAM_DmaInitialize)
.\CortexM3\ARM_GCC_493\Debug\Design01.a(DMA_RAM2DAC_dma.o)
                              .\CortexM3\ARM_GCC_493\Debug\main.o (DMA_RAM2DAC_DmaInitialize)
.\CortexM3\ARM_GCC_493\Debug\Design01.a(VDACL.o)
                              .\CortexM3\ARM_GCC_493\Debug\main.o (VDACL_SetValue)
.\CortexM3\ARM_GCC_493\Debug\Design01.a(VDACH.o)
                              .\CortexM3\ARM_GCC_493\Debug\main.o (VDACH_SetValue)
.\CortexM3\ARM_GCC_493\Debug\Design01.a(DMA_RAM2FILT_dma.o)
                              .\CortexM3\ARM_GCC_493\Debug\main.o (DMA_RAM2FILT_DmaInitialize)
.\CortexM3\ARM_GCC_493\Debug\Design01.a(CyFlash.o)
                              .\CortexM3\ARM_GCC_493\Debug\Design01.a(cyPm.o) (CyFlash_SetWaitCycles)
.\CortexM3\ARM_GCC_493\Debug\Design01.a(CySpc.o)
                              .\CortexM3\ARM_GCC_493\Debug\Design01.a(CyFlash.o) (CySpcStart)
c:/program files (x86)/cypress/psoc creator/3.3/psoc creator/import/gnu/arm/4.9.3/bin/../lib/gcc/arm-none-eabi/4.9.3/armv7-m\libgcc.a(_arm_addsubsf3.o)
                              .\CortexM3\ARM_GCC_493\Debug\Design01.a(ADC_SAR_1.o) (__aeabi_i2f)
c:/program files (x86)/cypress/psoc creator/3.3/psoc creator/import/gnu/arm/4.9.3/bin/../lib/gcc/arm-none-eabi/4.9.3/armv7-m\libgcc.a(_arm_muldivsf3.o)
                              .\CortexM3\ARM_GCC_493\Debug\Design01.a(ADC_SAR_1.o) (__aeabi_fmul)
c:/program files (x86)/cypress/psoc creator/3.3/psoc creator/import/gnu/arm/4.9.3/bin/../lib/gcc/arm-none-eabi/4.9.3/armv7-m\libgcc.a(_aeabi_ldivmod.o)
                              .\CortexM3\ARM_GCC_493\Debug\Design01.a(ADC_SAR_1.o) (__aeabi_ldivmod)
c:/program files (x86)/cypress/psoc creator/3.3/psoc creator/import/gnu/arm/4.9.3/bin/../lib/gcc/arm-none-eabi/4.9.3/armv7-m\libgcc.a(bpabi.o)
                              c:/program files (x86)/cypress/psoc creator/3.3/psoc creator/import/gnu/arm/4.9.3/bin/../lib/gcc/arm-none-eabi/4.9.3/armv7-m\libgcc.a(_aeabi_ldivmod.o) (__gnu_ldivmod_helper)
c:/program files (x86)/cypress/psoc creator/3.3/psoc creator/import/gnu/arm/4.9.3/bin/../lib/gcc/arm-none-eabi/4.9.3/armv7-m\libgcc.a(_dvmd_tls.o)
                              c:/program files (x86)/cypress/psoc creator/3.3/psoc creator/import/gnu/arm/4.9.3/bin/../lib/gcc/arm-none-eabi/4.9.3/armv7-m\libgcc.a(_aeabi_ldivmod.o) (__aeabi_ldiv0)
[...]
Memory Configuration

Name             Origin             Length             Attributes
rom              0x00000000         0x00040000         xr
ram              0x1fff8000         0x00010000         xrw
*default*        0x00000000         0xffffffff

Linker script and memory map

LOAD c:/program files (x86)/cypress/psoc creator/3.3/psoc creator/import/gnu/arm/4.9.3/bin/../lib/gcc/arm-none-eabi/4.9.3/armv7-m/crti.o
LOAD c:/program files (x86)/cypress/psoc creator/3.3/psoc creator/import/gnu/arm/4.9.3/bin/../lib/gcc/arm-none-eabi/4.9.3/armv7-m/crtbegin.o
LOAD c:/program files (x86)/cypress/psoc creator/3.3/psoc creator/import/gnu/arm/4.9.3/bin/../lib/gcc/arm-none-eabi/4.9.3/../../../../arm-none-eabi/lib/armv7-m/crt0.o
START GROUP
LOAD .\CortexM3\ARM_GCC_493\Debug\main.o
LOAD .\CortexM3\ARM_GCC_493\Debug\cymetadata.o
LOAD .\CortexM3\ARM_GCC_493\Debug\Cm3Start.o
LOAD .\CortexM3\ARM_GCC_493\Debug\Design01.a
LOAD C:\Program Files (x86)\Cypress\PSoC Creator\3.3\PSoC Creator\psoc\content\cycomponentlibrary\CyComponentLibrary.cylib\CortexM3\ARM_GCC_493\Debug\CyComponentLibrary.a
END GROUP
START GROUP
LOAD c:/program files (x86)/cypress/psoc creator/3.3/psoc creator/import/gnu/arm/4.9.3/bin/../lib/gcc/arm-none-eabi/4.9.3/armv7-m\libgcc.a
LOAD c:/program files (x86)/cypress/psoc creator/3.3/psoc creator/import/gnu/arm/4.9.3/bin/../lib/gcc/arm-none-eabi/4.9.3/../../../../arm-none-eabi/lib/armv7-m\libg_nano.a
LOAD c:/program files (x86)/cypress/psoc creator/3.3/psoc creator/import/gnu/arm/4.9.3/bin/../lib/gcc/arm-none-eabi/4.9.3/../../../../arm-none-eabi/lib/armv7-m\libc_nano.a
END GROUP
START GROUP
LOAD c:/program files (x86)/cypress/psoc creator/3.3/psoc creator/import/gnu/arm/4.9.3/bin/../lib/gcc/arm-none-eabi/4.9.3/armv7-m\libgcc.a
LOAD c:/program files (x86)/cypress/psoc creator/3.3/psoc creator/import/gnu/arm/4.9.3/bin/../lib/gcc/arm-none-eabi/4.9.3/../../../../arm-none-eabi/lib/armv7-m\libc_nano.a
END GROUP
LOAD c:/program files (x86)/cypress/psoc creator/3.3/psoc creator/import/gnu/arm/4.9.3/bin/../lib/gcc/arm-none-eabi/4.9.3/armv7-m/crtend.o
LOAD c:/program files (x86)/cypress/psoc creator/3.3/psoc creator/import/gnu/arm/4.9.3/bin/../lib/gcc/arm-none-eabi/4.9.3/armv7-m/crtn.o
START GROUP
LOAD c:/program files (x86)/cypress/psoc creator/3.3/psoc creator/import/gnu/arm/4.9.3/bin/../lib/gcc/arm-none-eabi/4.9.3/armv7-m\libgcc.a
LOAD c:/program files (x86)/cypress/psoc creator/3.3/psoc creator/import/gnu/arm/4.9.3/bin/../lib/gcc/arm-none-eabi/4.9.3/../../../../arm-none-eabi/lib/armv7-m\libc.a
LOAD c:/program files (x86)/cypress/psoc creator/3.3/psoc creator/import/gnu/arm/4.9.3/bin/../lib/gcc/arm-none-eabi/4.9.3/../../../../arm-none-eabi/lib/armv7-m\libnosys.a
END GROUP
                0x00000000                CY_APPL_ORIGIN = 0x0
                0x00000100                CY_FLASH_ROW_SIZE = 0x100
                0x00000020                CY_ECC_ROW_SIZE = 0x20
                0x00000000                CY_EE_IN_BTLDR = 0x0
                0x00000000                CY_APPL_LOADABLE = 0x0
                0x00000800                CY_EE_SIZE = 0x800
                0x00000001                CY_APPL_NUM = 0x1
                0x00000001                CY_APPL_MAX = 0x1
                0x00000040                CY_METADATA_SIZE = 0x40
                0x00000000                CY_APPL_LOADABLE = 0x0
                0x00000000                CY_CHECKSUM_EXCLUDE_SIZE = ALIGN (0x0, CY_FLASH_ROW_SIZE)
                0x1fff8378                PROVIDE (__cy_heap_start, _end)
                0x00000001                PROVIDE (__cy_region_num, ((__cy_regions_end - __cy_regions) / 0x10))
                0x20008000                PROVIDE (__cy_stack, (ORIGIN (ram) + 0x10000))
                0x20007800                PROVIDE (__cy_heap_end, (__cy_stack - 0x800))

.cybootloader   0x00000000        0x0
 *(.cybootloader)
                0x00000000                appl1_start = CY_APPL_ORIGIN?CY_APPL_ORIGIN:ALIGN (CY_FLASH_ROW_SIZE)
                0x0001ff00                appl2_start = (appl1_start + ALIGN ((((0x40000 - appl1_start) - (0x2 * CY_FLASH_ROW_SIZE)) / 0x2), CY_FLASH_ROW_SIZE))
                0x00000000                appl_start = (CY_APPL_NUM == 0x1)?appl1_start:appl2_start
                0x00000000                ecc_offset = ((appl_start / CY_FLASH_ROW_SIZE) * CY_ECC_ROW_SIZE)
                0x00000000                ee_offset = (CY_APPL_LOADABLE && ! (CY_EE_IN_BTLDR))?((CY_EE_SIZE / CY_APPL_MAX) * (CY_APPL_NUM - 0x1)):0x0
                0x00000800                ee_size = (CY_APPL_LOADABLE && ! (CY_EE_IN_BTLDR))?(CY_EE_SIZE / CY_APPL_MAX):CY_EE_SIZE
                0x00000000                PROVIDE (CY_ECC_OFFSET, ecc_offset)

.text           0x00000000     0x10a6
 CREATE_OBJECT_SYMBOLS
                0x00000000                PROVIDE (__cy_interrupt_vector, RomVectors)
 *(.romvectors)
 .romvectors    0x00000000       0x10 .\CortexM3\ARM_GCC_493\Debug\Cm3Start.o
                0x00000000                RomVectors
                0x00000001                ASSERT ((. != __cy_interrupt_vector), No interrupt vector)
                0x00000001                ASSERT (CY_APPL_ORIGIN?(SIZEOF (.cybootloader) <= CY_APPL_ORIGIN):0x1, Wrong image location)
                0x00000010                PROVIDE (__cy_reset, Reset)
 *(.text.Reset)
 .text.Reset    0x00000010       0x18 .\CortexM3\ARM_GCC_493\Debug\Cm3Start.o
                0x00000010                Reset
                0x00000001                ASSERT ((. != __cy_reset), No reset code)
 *(.dma_init)
                0x00000001                ASSERT ((((appl_start + .) <= 0x10000) || 0x1), DMA Init must be within the first 64k of flash)
 *(.text .text.* .gnu.linkonce.t.*)
 .text          0x00000028       0x5c c:/program files (x86)/cypress/psoc creator/3.3/psoc creator/import/gnu/arm/4.9.3/bin/../lib/gcc/arm-none-eabi/4.9.3/armv7-m/crtbegin.o
 .text.isr_1_routine
                0x00000084       0x48 .\CortexM3\ARM_GCC_493\Debug\main.o
                0x00000084                isr_1_routine
 .text.DMA_ADC2FILT_Config
                0x000000cc       0x44 .\CortexM3\ARM_GCC_493\Debug\main.o
                0x000000cc                DMA_ADC2FILT_Config
 .text.main     0x00000110       0x68 .\CortexM3\ARM_GCC_493\Debug\main.o
                0x00000110                main
 .text.IntDefaultHandler
                0x00000178        0x4 .\CortexM3\ARM_GCC_493\Debug\Cm3Start.o
                0x00000178                IntDefaultHandler
 .text.Start_c  0x0000017c       0x4c .\CortexM3\ARM_GCC_493\Debug\Cm3Start.o
                0x0000017c                Start_c
 .text.initialize_psoc
                0x000001c8       0x78 .\CortexM3\ARM_GCC_493\Debug\Cm3Start.o
                0x000001c8                initialize_psoc
 .text.CyClockStartupError
                0x00000240        0x4 .\CortexM3\ARM_GCC_493\Debug\Design01.a(cyfitter_cfg.o)
 .text.cfg_write_bytes32
                0x00000244       0x34 .\CortexM3\ARM_GCC_493\Debug\Design01.a(cyfitter_cfg.o)
 .text.CYMEMZERO
                0x00000278        0xc .\CortexM3\ARM_GCC_493\Debug\Design01.a(cyfitter_cfg.o)
 .text.ClockSetup
                0x00000284       0xb8 .\CortexM3\ARM_GCC_493\Debug\Design01.a(cyfitter_cfg.o)
 .text.AnalogSetDefault
                0x0000033c       0xe4 .\CortexM3\ARM_GCC_493\Debug\Design01.a(cyfitter_cfg.o)
 .text.CYCONFIGCPY
                0x00000420        0x8 .\CortexM3\ARM_GCC_493\Debug\Design01.a(cyfitter_cfg.o)
 .text.cyfitter_cfg
                0x00000428      0x174 .\CortexM3\ARM_GCC_493\Debug\Design01.a(cyfitter_cfg.o)
                0x00000428                cyfitter_cfg
 .text.ADC_SAR_1_CalcGain
                0x0000059c       0x68 .\CortexM3\ARM_GCC_493\Debug\Design01.a(ADC_SAR_1.o)
 .text.ADC_SAR_1_Enable
                0x00000604       0x94 .\CortexM3\ARM_GCC_493\Debug\Design01.a(ADC_SAR_1.o)
                0x00000604                ADC_SAR_1_Enable
 .text.ADC_SAR_1_SetResolution
                0x00000698       0x38 .\CortexM3\ARM_GCC_493\Debug\Design01.a(ADC_SAR_1.o)
                0x00000698                ADC_SAR_1_SetResolution
 .text.ADC_SAR_1_Init
                0x000006d0       0x3c .\CortexM3\ARM_GCC_493\Debug\Design01.a(ADC_SAR_1.o)
                0x000006d0                ADC_SAR_1_Init
 .text.ADC_SAR_1_Start
                0x0000070c       0x1c .\CortexM3\ARM_GCC_493\Debug\Design01.a(ADC_SAR_1.o)
                0x0000070c                ADC_SAR_1_Start
 .text.ADC_SAR_1_StartConvert
                0x00000728       0x10 .\CortexM3\ARM_GCC_493\Debug\Design01.a(ADC_SAR_1.o)
                0x00000728                ADC_SAR_1_StartConvert
 .text.ADC_SAR_1_IsEndConversion
                0x00000738       0x24 .\CortexM3\ARM_GCC_493\Debug\Design01.a(ADC_SAR_1.o)
                0x00000738                ADC_SAR_1_IsEndConversion
 .text.ADC_SAR_1_ISR
                0x0000075c        0x4 .\CortexM3\ARM_GCC_493\Debug\Design01.a(ADC_SAR_1_INT.o)
                0x0000075c                ADC_SAR_1_ISR
 .text.I2C_Init
                0x00000760       0x70 .\CortexM3\ARM_GCC_493\Debug\Design01.a(I2C.o)
                0x00000760                I2C_Init
 .text.I2C_Enable
                0x000007d0       0x30 .\CortexM3\ARM_GCC_493\Debug\Design01.a(I2C.o)
                0x000007d0                I2C_Enable
 .text.I2C_Start
                0x00000800       0x1c .\CortexM3\ARM_GCC_493\Debug\Design01.a(I2C.o)
                0x00000800                I2C_Start
 .text.I2C_SetBuffer1
                0x0000081c       0x50 .\CortexM3\ARM_GCC_493\Debug\Design01.a(I2C.o)
                0x0000081c                I2C_SetBuffer1
 .text.I2C_ISR  0x0000086c      0x1c4 .\CortexM3\ARM_GCC_493\Debug\Design01.a(I2C_INT.o)
                0x0000086c                I2C_ISR
 .text.ADC_SAR_1_theACLK_SetModeRegister
                0x00000a30       0x14 .\CortexM3\ARM_GCC_493\Debug\Design01.a(ADC_SAR_1_theACLK.o)
                0x00000a30                ADC_SAR_1_theACLK_SetModeRegister
 *fill*         0x00000a44        0x4 
 .text          0x00000a48       0x20 .\CortexM3\ARM_GCC_493\Debug\Design01.a(CyBootAsmGnu.o)
                0x00000a48                CyDelayCycles
                0x00000a58                CyEnterCriticalSection
                0x00000a60                CyExitCriticalSection
 .text.CyDmacConfigure
                0x00000a68       0x34 .\CortexM3\ARM_GCC_493\Debug\Design01.a(CyDmac.o)
                0x00000a68                CyDmacConfigure
 .text.CyDmaChEnable
                0x00000a9c       0x38 .\CortexM3\ARM_GCC_493\Debug\Design01.a(CyDmac.o)
                0x00000a9c                CyDmaChEnable
 .text.CyDmaChPriority
                0x00000ad4       0x24 .\CortexM3\ARM_GCC_493\Debug\Design01.a(CyDmac.o)
                0x00000ad4                CyDmaChPriority
 .text.CyDmaChSetExtendedAddress
                0x00000af8       0x34 .\CortexM3\ARM_GCC_493\Debug\Design01.a(CyDmac.o)
                0x00000af8                CyDmaChSetExtendedAddress
 .text.CyDmaChSetInitialTd
                0x00000b2c       0x18 .\CortexM3\ARM_GCC_493\Debug\Design01.a(CyDmac.o)
                0x00000b2c                CyDmaChSetInitialTd
 .text.CyDmaChSetConfiguration
                0x00000b44       0x48 .\CortexM3\ARM_GCC_493\Debug\Design01.a(CyDmac.o)
                0x00000b44                CyDmaChSetConfiguration
 .text.CyDmaTdAllocate
                0x00000b8c       0x34 .\CortexM3\ARM_GCC_493\Debug\Design01.a(CyDmac.o)
                0x00000b8c                CyDmaTdAllocate
 .text.CyDmaTdSetConfiguration
                0x00000bc0       0x28 .\CortexM3\ARM_GCC_493\Debug\Design01.a(CyDmac.o)
                0x00000bc0                CyDmaTdSetConfiguration
 .text.CyDmaTdSetAddress
                0x00000be8       0x1c .\CortexM3\ARM_GCC_493\Debug\Design01.a(CyDmac.o)
                0x00000be8                CyDmaTdSetAddress
 .text.CyHalt   0x00000c04        0x4 .\CortexM3\ARM_GCC_493\Debug\Design01.a(CyLib.o)
                0x00000c04                CyHalt
 .text.CyDelayUs
                0x00000c08       0x14 .\CortexM3\ARM_GCC_493\Debug\Design01.a(CyLib.o)
                0x00000c08                CyDelayUs
 .text.CyIntSetVector
                0x00000c1c       0x28 .\CortexM3\ARM_GCC_493\Debug\Design01.a(CyLib.o)
                0x00000c1c                CyIntSetVector
 .text.CyIntSetPriority
                0x00000c44       0x30 .\CortexM3\ARM_GCC_493\Debug\Design01.a(CyLib.o)
                0x00000c44                CyIntSetPriority
 .text.Pin_Status_1_Write
                0x00000c74       0x18 .\CortexM3\ARM_GCC_493\Debug\Design01.a(Pin_Status_1.o)
                0x00000c74                Pin_Status_1_Write
 .text.Pin_Status_1_Read
                0x00000c8c       0x10 .\CortexM3\ARM_GCC_493\Debug\Design01.a(Pin_Status_1.o)
                0x00000c8c                Pin_Status_1_Read
 .text.DMA_ADC2FILT_DmaInitialize
                0x00000c9c       0x3c .\CortexM3\ARM_GCC_493\Debug\Design01.a(DMA_ADC2FILT_dma.o)
                0x00000c9c                DMA_ADC2FILT_DmaInitialize
 .text.ISR_DMA_FILT2RAM_SetVector
                0x00000cd8        0xc .\CortexM3\ARM_GCC_493\Debug\Design01.a(ISR_DMA_FILT2RAM.o)
                0x00000cd8                ISR_DMA_FILT2RAM_SetVector
 .text.ISR_DMA_FILT2RAM_SetPriority
                0x00000ce4       0x10 .\CortexM3\ARM_GCC_493\Debug\Design01.a(ISR_DMA_FILT2RAM.o)
                0x00000ce4                ISR_DMA_FILT2RAM_SetPriority
 .text.ISR_DMA_FILT2RAM_Enable
                0x00000cf4        0xc .\CortexM3\ARM_GCC_493\Debug\Design01.a(ISR_DMA_FILT2RAM.o)
                0x00000cf4                ISR_DMA_FILT2RAM_Enable
 .text.ISR_DMA_FILT2RAM_Disable
                0x00000d00        0xc .\CortexM3\ARM_GCC_493\Debug\Design01.a(ISR_DMA_FILT2RAM.o)
                0x00000d00                ISR_DMA_FILT2RAM_Disable
 .text.ISR_DMA_FILT2RAM_StartEx
                0x00000d0c       0x1c .\CortexM3\ARM_GCC_493\Debug\Design01.a(ISR_DMA_FILT2RAM.o)
                0x00000d0c                ISR_DMA_FILT2RAM_StartEx
 .text.Filter_Init
                0x00000d28       0xcc .\CortexM3\ARM_GCC_493\Debug\Design01.a(Filter.o)
                0x00000d28                Filter_Init
 .text.Filter_Enable
                0x00000df4       0x28 .\CortexM3\ARM_GCC_493\Debug\Design01.a(Filter.o)
                0x00000df4                Filter_Enable
 .text.Filter_Start
                0x00000e1c       0x1c .\CortexM3\ARM_GCC_493\Debug\Design01.a(Filter.o)
                0x00000e1c                Filter_Start
 .text.Filter_SetCoherencyEx
                0x00000e38       0x24 .\CortexM3\ARM_GCC_493\Debug\Design01.a(Filter.o)
                0x00000e38                Filter_SetCoherencyEx
 .text.Filter_SetDalign
                0x00000e5c       0x20 .\CortexM3\ARM_GCC_493\Debug\Design01.a(Filter.o)
                0x00000e5c                Filter_SetDalign
 .text.Filter_SetInterruptMode
                0x00000e7c       0x10 .\CortexM3\ARM_GCC_493\Debug\Design01.a(Filter_PVT.o)
                0x00000e7c                Filter_SetInterruptMode
 .text.Filter_SetDMAMode
                0x00000e8c       0x10 .\CortexM3\ARM_GCC_493\Debug\Design01.a(Filter_PVT.o)
                0x00000e8c                Filter_SetDMAMode
 .text.VDACL_Enable
                0x00000e9c       0x1c .\CortexM3\ARM_GCC_493\Debug\Design01.a(VDACL.o)
                0x00000e9c                VDACL_Enable
 .text.VDACL_SetSpeed
                0x00000eb8       0x1c .\CortexM3\ARM_GCC_493\Debug\Design01.a(VDACL.o)
                0x00000eb8                VDACL_SetSpeed
 .text.VDACL_SetValue
                0x00000ed4        0xc .\CortexM3\ARM_GCC_493\Debug\Design01.a(VDACL.o)
                0x00000ed4                VDACL_SetValue
 .text.VDACL_DacTrim
                0x00000ee0       0x24 .\CortexM3\ARM_GCC_493\Debug\Design01.a(VDACL.o)
                0x00000ee0                VDACL_DacTrim
 .text.VDACL_SetRange
                0x00000f04       0x20 .\CortexM3\ARM_GCC_493\Debug\Design01.a(VDACL.o)
                0x00000f04                VDACL_SetRange
 .text.VDACL_Init
                0x00000f24       0x20 .\CortexM3\ARM_GCC_493\Debug\Design01.a(VDACL.o)
                0x00000f24                VDACL_Init
 .text.VDACL_Start
                0x00000f44       0x24 .\CortexM3\ARM_GCC_493\Debug\Design01.a(VDACL.o)
                0x00000f44                VDACL_Start
 .text.VDACH_Enable
                0x00000f68       0x1c .\CortexM3\ARM_GCC_493\Debug\Design01.a(VDACH.o)
                0x00000f68                VDACH_Enable
 .text.VDACH_SetSpeed
                0x00000f84       0x1c .\CortexM3\ARM_GCC_493\Debug\Design01.a(VDACH.o)
                0x00000f84                VDACH_SetSpeed
 .text.VDACH_SetValue
                0x00000fa0        0xc .\CortexM3\ARM_GCC_493\Debug\Design01.a(VDACH.o)
                0x00000fa0                VDACH_SetValue
 .text.VDACH_DacTrim
                0x00000fac       0x24 .\CortexM3\ARM_GCC_493\Debug\Design01.a(VDACH.o)
                0x00000fac                VDACH_DacTrim
 .text.VDACH_SetRange
                0x00000fd0       0x20 .\CortexM3\ARM_GCC_493\Debug\Design01.a(VDACH.o)
                0x00000fd0                VDACH_SetRange
 .text.VDACH_Init
                0x00000ff0       0x20 .\CortexM3\ARM_GCC_493\Debug\Design01.a(VDACH.o)
                0x00000ff0                VDACH_Init
 .text.VDACH_Start
                0x00001010       0x24 .\CortexM3\ARM_GCC_493\Debug\Design01.a(VDACH.o)
                0x00001010                VDACH_Start
 .text.__libc_init_array
                0x00001034       0x4c c:/program files (x86)/cypress/psoc creator/3.3/psoc creator/import/gnu/arm/4.9.3/bin/../lib/gcc/arm-none-eabi/4.9.3/../../../../arm-none-eabi/lib/armv7-m\libg_nano.a(lib_a-init.o)
                0x00001034                __libc_init_array
 .text.memcpy   0x00001080       0x16 c:/program files (x86)/cypress/psoc creator/3.3/psoc creator/import/gnu/arm/4.9.3/bin/../lib/gcc/arm-none-eabi/4.9.3/../../../../arm-none-eabi/lib/armv7-m\libg_nano.a(lib_a-memcpy.o)
                0x00001080                memcpy
 .text.memset   0x00001096       0x10 c:/program files (x86)/cypress/psoc creator/3.3/psoc creator/import/gnu/arm/4.9.3/bin/../lib/gcc/arm-none-eabi/4.9.3/../../../../arm-none-eabi/lib/armv7-m\libg_nano.a(lib_a-memset.o)
                0x00001096                memset
 *(.plt)
 *(.gnu.warning)
 *(.glue_7t)
 .glue_7t       0x00000000        0x0 linker stubs
 *(.glue_7)
 .glue_7        0x00000000        0x0 linker stubs
 *(.vfp11_veneer)
 .vfp11_veneer  0x00000000        0x0 linker stubs
 *(.bootloader)
 *(.ARM.extab* .gnu.linkonce.armextab.*)
 *(.gcc_except_table)

.v4_bx          0x000010a8        0x0
 .v4_bx         0x00000000        0x0 linker stubs

.iplt           0x000010a8        0x0
 .iplt          0x00000000        0x0 c:/program files (x86)/cypress/psoc creator/3.3/psoc creator/import/gnu/arm/4.9.3/bin/../lib/gcc/arm-none-eabi/4.9.3/armv7-m/crtbegin.o

.eh_frame_hdr
 *(.eh_frame_hdr)

.eh_frame       0x000010a8        0x4
 *(.eh_frame)
 .eh_frame      0x000010a8        0x0 c:/program files (x86)/cypress/psoc creator/3.3/psoc creator/import/gnu/arm/4.9.3/bin/../lib/gcc/arm-none-eabi/4.9.3/armv7-m/crtbegin.o
 .eh_frame      0x000010a8        0x4 c:/program files (x86)/cypress/psoc creator/3.3/psoc creator/import/gnu/arm/4.9.3/bin/../lib/gcc/arm-none-eabi/4.9.3/armv7-m/crtend.o
                0x000010ac                PROVIDE (__exidx_start, .)

.ARM.exidx
 *(.ARM.exidx* .gnu.linkonce.armexidx.*)
                0x000010ac                __exidx_end = .

.rodata         0x000010ac      0x6a4
 *(.rodata .rodata.* .gnu.linkonce.r.*)
 .rodata        0x000010ac       0x30 .\CortexM3\ARM_GCC_493\Debug\Design01.a(cyfitter_cfg.o)
 .rodata        0x000010dc      0x640 .\CortexM3\ARM_GCC_493\Debug\Design01.a(Filter_RAM_Data.o)
                0x000010dc                Filter_cfsm
                0x000011dc                Filter_acu
                0x0000121c                Filter_data_b
                0x0000141c                Filter_data_a
                0x0000161c                Filter_control
                0x0000171c                . = ALIGN (0x4)
 *(.init)
 .init          0x0000171c        0x4 c:/program files (x86)/cypress/psoc creator/3.3/psoc creator/import/gnu/arm/4.9.3/bin/../lib/gcc/arm-none-eabi/4.9.3/armv7-m/crti.o
                0x0000171c                _init
 .init          0x00001720        0x8 c:/program files (x86)/cypress/psoc creator/3.3/psoc creator/import/gnu/arm/4.9.3/bin/../lib/gcc/arm-none-eabi/4.9.3/armv7-m/crtn.o
                0x00001728                . = ALIGN (0x4)
                0x00001728                __preinit_array_start = .
 *(.preinit_array)
                0x00001728                __preinit_array_end = .
                0x00001728                . = ALIGN (0x4)
                0x00001728                __init_array_start = .
 *(SORT(.init_array.*))
 *(.init_array)
 .init_array    0x00001728        0x4 c:/program files (x86)/cypress/psoc creator/3.3/psoc creator/import/gnu/arm/4.9.3/bin/../lib/gcc/arm-none-eabi/4.9.3/armv7-m/crtbegin.o
 .init_array    0x0000172c        0x4 .\CortexM3\ARM_GCC_493\Debug\Cm3Start.o
                0x00001730                __init_array_end = .
                0x00001730                . = ALIGN (0x4)
 *(.fini)
 .fini          0x00001730        0x4 c:/program files (x86)/cypress/psoc creator/3.3/psoc creator/import/gnu/arm/4.9.3/bin/../lib/gcc/arm-none-eabi/4.9.3/armv7-m/crti.o
                0x00001730                _fini
 .fini          0x00001734        0x8 c:/program files (x86)/cypress/psoc creator/3.3/psoc creator/import/gnu/arm/4.9.3/bin/../lib/gcc/arm-none-eabi/4.9.3/armv7-m/crtn.o
                0x0000173c                . = ALIGN (0x4)
                0x0000173c                __fini_array_start = .
 *(.fini_array)
 .fini_array    0x0000173c        0x4 c:/program files (x86)/cypress/psoc creator/3.3/psoc creator/import/gnu/arm/4.9.3/bin/../lib/gcc/arm-none-eabi/4.9.3/armv7-m/crtbegin.o
 *(SORT(.fini_array.*))
                0x00001740                __fini_array_end = .
                0x00001740                . = ALIGN (0x4)
 *crtbegin.o(.ctors)
 *(EXCLUDE_FILE(*crtend.o) .ctors)
 *(SORT(.ctors.*))
 *crtend.o(.ctors)
                0x00001740                . = ALIGN (0x4)
 *crtbegin.o(.dtors)
 *(EXCLUDE_FILE(*crtend.o) .dtors)
 *(SORT(.dtors.*))
 *crtend.o(.dtors)
                0x00001740                . = ALIGN (0x4)
                0x00001740                __cy_regions = .
                0x00001740        0x4 LONG 0x1750 __cy_region_init_ram
                0x00001744        0x4 LONG 0x1fff8108 __cy_region_start_data
                0x00001748        0x4 LONG 0x20 __cy_region_init_size_ram
                0x0000174c        0x4 LONG 0x250 __cy_region_zero_size_ram
                0x00001750                __cy_regions_end = .
                0x00001750                . = ALIGN (0x8)
                0x00001750                _etext = .

.cy_checksum_exclude
                0x00001750        0x0
 *(.cy_checksum_exclude)

.ramvectors     0x1fff8000      0x100
                0x1fff8000                __cy_region_start_ram = .
 *(.ramvectors)
 .ramvectors    0x1fff8000      0x100 .\CortexM3\ARM_GCC_493\Debug\Cm3Start.o
                0x1fff8000                CyRamVectors

.noinit         0x1fff8100        0x5
 *(.noinit)
 .noinit        0x1fff8100        0x4 .\CortexM3\ARM_GCC_493\Debug\Cm3Start.o
 .noinit        0x1fff8104        0x1 .\CortexM3\ARM_GCC_493\Debug\Design01.a(CyLib.o)
                0x1fff8104                CyResetStatus

.data           0x1fff8108       0x20 load address 0x00001750
                0x1fff8108                __cy_region_start_data = .
 *(.jcr)
 .jcr           0x1fff8108        0x0 c:/program files (x86)/cypress/psoc creator/3.3/psoc creator/import/gnu/arm/4.9.3/bin/../lib/gcc/arm-none-eabi/4.9.3/armv7-m/crtbegin.o
 .jcr           0x1fff8108        0x4 c:/program files (x86)/cypress/psoc creator/3.3/psoc creator/import/gnu/arm/4.9.3/bin/../lib/gcc/arm-none-eabi/4.9.3/armv7-m/crtend.o
 *(.got.plt)
 *(.got)
 *(.shdata)
 *(.data .data.* .gnu.linkonce.d.*)
 .data          0x1fff810c        0x8 .\CortexM3\ARM_GCC_493\Debug\Design01.a(CyDmac.o)
 .data          0x1fff8114       0x10 .\CortexM3\ARM_GCC_493\Debug\Design01.a(CyLib.o)
                0x1fff8114                cydelay_32k_ms
                0x1fff8118                cydelay_freq_khz
                0x1fff811c                cydelay_freq_mhz
                0x1fff8120                cydelay_freq_hz
 .data          0x1fff8124        0x1 .\CortexM3\ARM_GCC_493\Debug\Design01.a(DMA_ADC2FILT_dma.o)
                0x1fff8124                DMA_ADC2FILT_DmaHandle
                0x1fff8128                . = ALIGN (0x8)
 *fill*         0x1fff8125        0x3 
 *(.ram)
                0x1fff8128                _edata = .

.igot.plt       0x1fff8128        0x0 load address 0x00001770
 .igot.plt      0x00000000        0x0 c:/program files (x86)/cypress/psoc creator/3.3/psoc creator/import/gnu/arm/4.9.3/bin/../lib/gcc/arm-none-eabi/4.9.3/armv7-m/crtbegin.o

.bss            0x1fff8128      0x250 load address 0x00001770
                0x1fff8128                PROVIDE (__bss_start__, .)
 *(.shbss)
 *(.bss .bss.* .gnu.linkonce.b.*)
 .bss           0x1fff8128       0x1c c:/program files (x86)/cypress/psoc creator/3.3/psoc creator/import/gnu/arm/4.9.3/bin/../lib/gcc/arm-none-eabi/4.9.3/armv7-m/crtbegin.o
 .bss           0x1fff8144        0xc .\CortexM3\ARM_GCC_493\Debug\main.o
                0x1fff8144                i2cbuf
                0x1fff8148                adcmem
 .bss           0x1fff8150        0x1 .\CortexM3\ARM_GCC_493\Debug\Design01.a(ADC_SAR_1.o)
                0x1fff8150                ADC_SAR_1_initVar
 .bss           0x1fff8151        0x1 .\CortexM3\ARM_GCC_493\Debug\Design01.a(I2C.o)
                0x1fff8151                I2C_initVar
 .bss           0x1fff8152        0x2 .\CortexM3\ARM_GCC_493\Debug\Design01.a(I2C_INT.o)
 .bss           0x1fff8154        0x1 .\CortexM3\ARM_GCC_493\Debug\Design01.a(Filter.o)
                0x1fff8154                Filter_initVar
 .bss           0x1fff8155        0x1 .\CortexM3\ARM_GCC_493\Debug\Design01.a(VDACL.o)
                0x1fff8155                VDACL_initVar
 .bss           0x1fff8156        0x1 .\CortexM3\ARM_GCC_493\Debug\Design01.a(VDACH.o)
                0x1fff8156                VDACH_initVar
 *(COMMON)
 *fill*         0x1fff8157        0x1 
 COMMON         0x1fff8158      0x200 .\CortexM3\ARM_GCC_493\Debug\main.o
                0x1fff8158                buffer
 COMMON         0x1fff8358        0xa .\CortexM3\ARM_GCC_493\Debug\Design01.a(ADC_SAR_1.o)
                0x1fff8358                ADC_SAR_1_countsPerVolt
                0x1fff835a                ADC_SAR_1_shift
                0x1fff835c                ADC_SAR_1_countsPer10Volt
                0x1fff8360                ADC_SAR_1_offset
 *fill*         0x1fff8362        0x2 
 COMMON         0x1fff8364        0xf .\CortexM3\ARM_GCC_493\Debug\Design01.a(I2C.o)
                0x1fff8364                I2C_curStatus
                0x1fff8368                I2C_dataPtrS1
                0x1fff836c                I2C_wrProtectS1
                0x1fff836e                I2C_bufSizeS1
                0x1fff8370                I2C_curState
                0x1fff8371                I2C_rwOffsetS1
                0x1fff8372                I2C_rwIndexS1
                0x1fff8378                . = ALIGN (0x8)
 *fill*         0x1fff8373        0x5 
 *(.ram.b)
                0x1fff8378                _end = .
                0x1fff8378                __end = .
                0x1fff8378                PROVIDE (end, .)
                0x1fff8378                PROVIDE (__bss_end__, .)
                0x00001750                __cy_region_init_ram = LOADADDR (.data)
                0x00000020                __cy_region_init_size_ram = (_edata - ADDR (.data))
                0x00000250                __cy_region_zero_size_ram = (_end - _edata)

.heap           0x1fff8378       0x80 load address 0x00001770
                0x1fff8378                . = _end
                0x1fff83f8                . = (. + 0x80)
 *fill*         0x1fff8378       0x80 
                0x1fff83f8                __cy_heap_limit = .

.stack          0x20007800      0x800
                0x20007800                __cy_stack_limit = .
                0x20008000                . = (. + 0x800)
 *fill*         0x20007800      0x800 
                0x00000001                ASSERT ((__cy_stack_limit >= __cy_heap_limit), region RAM overflowed with stack)
                0x00000000                cy_checksum_exclude_size = (CY_APPL_LOADABLE == 0x1)?SIZEOF (.cy_checksum_exclude):0x0
                0x00000001                ASSERT ((cy_checksum_exclude_size <= CY_CHECKSUM_EXCLUDE_SIZE), CY_BOOT: Section .cy_checksum_exclude size exceedes specified limit.)

.cyloadermeta
 *(.cyloadermeta)

.cyloadablemeta
 *(.cyloadablemeta)

.cyconfigecc    0x80000000      0x198
 *(.cyconfigecc)
 .cyconfigecc   0x80000000      0x198 .\CortexM3\ARM_GCC_493\Debug\cymetadata.o
                0x80000000                cy_meta_configecc

.cycustnvl      0x90000000        0x4
 *(.cycustnvl)
 .cycustnvl     0x90000000        0x4 .\CortexM3\ARM_GCC_493\Debug\cymetadata.o
                0x90000000                cy_meta_custnvl

.cywolatch      0x90100000        0x4
 *(.cywolatch)
 .cywolatch     0x90100000        0x4 .\CortexM3\ARM_GCC_493\Debug\cymetadata.o
                0x90100000                cy_meta_wonvl

.cyeeprom       0x90200000        0x0
 *(.cyeeprom)
                0x00000001                ASSERT ((. <= ((0x90200000 + ee_offset) + ee_size)), .cyeeprom data will not fit in EEPROM)

.cyflashprotect
                0x90400000      0x100
 *(.cyflashprotect)
 .cyflashprotect
                0x90400000      0x100 .\CortexM3\ARM_GCC_493\Debug\cymetadata.o
                0x90400000                cy_meta_flashprotect

.cymeta         0x90500000        0xc
 *(.cymeta)
 .cymeta        0x90500000        0xc .\CortexM3\ARM_GCC_493\Debug\cymetadata.o
                0x90500000                cy_metadata

.rel.dyn        0x00001770        0x0 load address 0x9050000c
 .rel.iplt      0x00000000        0x0 c:/program files (x86)/cypress/psoc creator/3.3/psoc creator/import/gnu/arm/4.9.3/bin/../lib/gcc/arm-none-eabi/4.9.3/armv7-m/crtbegin.o

.stab
 *(.stab)

.stabstr
 *(.stabstr)

.debug
 *(.debug)

.line
 *(.line)

.debug_srcinfo
 *(.debug_srcinfo)

.debug_sfnames
 *(.debug_sfnames)

.debug_aranges  0x00000000      0xad0
 *(.debug_aranges)
 .debug_aranges
                0x00000000       0x48 .\CortexM3\ARM_GCC_493\Debug\main.o
 .debug_aranges
                0x00000048       0x18 .\CortexM3\ARM_GCC_493\Debug\cymetadata.o
 .debug_aranges
                0x00000060       0x48 .\CortexM3\ARM_GCC_493\Debug\Cm3Start.o
 .debug_aranges
                0x000000a8       0x58 .\CortexM3\ARM_GCC_493\Debug\Design01.a(cyfitter_cfg.o)
 .debug_aranges
                0x00000100       0xa8 .\CortexM3\ARM_GCC_493\Debug\Design01.a(ADC_SAR_1.o)
 .debug_aranges
                0x000001a8       0x20 .\CortexM3\ARM_GCC_493\Debug\Design01.a(ADC_SAR_1_INT.o)
 .debug_aranges
                0x000001c8       0x58 .\CortexM3\ARM_GCC_493\Debug\Design01.a(I2C.o)
 .debug_aranges
                0x00000220       0x38 .\CortexM3\ARM_GCC_493\Debug\Design01.a(I2C_PM.o)
 .debug_aranges
                0x00000258       0x20 .\CortexM3\ARM_GCC_493\Debug\Design01.a(I2C_INT.o)
 .debug_aranges
                0x00000278       0x70 .\CortexM3\ARM_GCC_493\Debug\Design01.a(ADC_SAR_1_theACLK.o)
 .debug_aranges
                0x000002e8       0x20 .\CortexM3\ARM_GCC_493\Debug\Design01.a(CyBootAsmGnu.o)
 .debug_aranges
                0x00000308       0xd8 .\CortexM3\ARM_GCC_493\Debug\Design01.a(CyDmac.o)
 .debug_aranges
                0x000003e0      0x298 .\CortexM3\ARM_GCC_493\Debug\Design01.a(CyLib.o)
 .debug_aranges
                0x00000678       0x98 .\CortexM3\ARM_GCC_493\Debug\Design01.a(cyPm.o)
 .debug_aranges
                0x00000710       0x38 .\CortexM3\ARM_GCC_493\Debug\Design01.a(Pin_Status_1.o)
 .debug_aranges
                0x00000748       0x28 .\CortexM3\ARM_GCC_493\Debug\Design01.a(DMA_ADC2FILT_dma.o)
 .debug_aranges
                0x00000770       0x80 .\CortexM3\ARM_GCC_493\Debug\Design01.a(ISR_DMA_FILT2RAM.o)
 .debug_aranges
                0x000007f0       0x80 .\CortexM3\ARM_GCC_493\Debug\Design01.a(Filter.o)
 .debug_aranges
                0x00000870       0x28 .\CortexM3\ARM_GCC_493\Debug\Design01.a(Filter_PVT.o)
 .debug_aranges
                0x00000898       0x18 .\CortexM3\ARM_GCC_493\Debug\Design01.a(Filter_RAM_Data.o)
 .debug_aranges
                0x000008b0       0x28 .\CortexM3\ARM_GCC_493\Debug\Design01.a(DMA_ADC2RAM_dma.o)
 .debug_aranges
                0x000008d8       0x28 .\CortexM3\ARM_GCC_493\Debug\Design01.a(DMA_RAM2DAC_dma.o)
 .debug_aranges
                0x00000900       0x58 .\CortexM3\ARM_GCC_493\Debug\Design01.a(VDACL.o)
 .debug_aranges
                0x00000958       0x58 .\CortexM3\ARM_GCC_493\Debug\Design01.a(VDACH.o)
 .debug_aranges
                0x000009b0       0x28 .\CortexM3\ARM_GCC_493\Debug\Design01.a(DMA_RAM2FILT_dma.o)
 .debug_aranges
                0x000009d8       0x80 .\CortexM3\ARM_GCC_493\Debug\Design01.a(CyFlash.o)
 .debug_aranges
                0x00000a58       0x78 .\CortexM3\ARM_GCC_493\Debug\Design01.a(CySpc.o)

.debug_pubnames
 *(.debug_pubnames)

.debug_info     0x00000000     0x6ca2
 *(.debug_info .gnu.linkonce.wi.*)
 .debug_info    0x00000000      0x875 .\CortexM3\ARM_GCC_493\Debug\main.o
 .debug_info    0x00000875      0x13b .\CortexM3\ARM_GCC_493\Debug\cymetadata.o
 .debug_info    0x000009b0      0x3af .\CortexM3\ARM_GCC_493\Debug\Cm3Start.o
 .debug_info    0x00000d5f      0x629 .\CortexM3\ARM_GCC_493\Debug\Design01.a(cyfitter_cfg.o)
 .debug_info    0x00001388      0x608 .\CortexM3\ARM_GCC_493\Debug\Design01.a(ADC_SAR_1.o)
 .debug_info    0x00001990       0x92 .\CortexM3\ARM_GCC_493\Debug\Design01.a(ADC_SAR_1_INT.o)
 .debug_info    0x00001a22      0x3c8 .\CortexM3\ARM_GCC_493\Debug\Design01.a(I2C.o)
 .debug_info    0x00001dea      0x1ed .\CortexM3\ARM_GCC_493\Debug\Design01.a(I2C_PM.o)
 .debug_info    0x00001fd7      0x141 .\CortexM3\ARM_GCC_493\Debug\Design01.a(I2C_INT.o)
 .debug_info    0x00002118      0x283 .\CortexM3\ARM_GCC_493\Debug\Design01.a(ADC_SAR_1_theACLK.o)
 .debug_info    0x0000239b       0x8f .\CortexM3\ARM_GCC_493\Debug\Design01.a(CyBootAsmGnu.o)
 .debug_info    0x0000242a      0x944 .\CortexM3\ARM_GCC_493\Debug\Design01.a(CyDmac.o)
 .debug_info    0x00002d6e     0x136f .\CortexM3\ARM_GCC_493\Debug\Design01.a(CyLib.o)
 .debug_info    0x000040dd      0xa57 .\CortexM3\ARM_GCC_493\Debug\Design01.a(cyPm.o)
 .debug_info    0x00004b34      0x11f .\CortexM3\ARM_GCC_493\Debug\Design01.a(Pin_Status_1.o)
 .debug_info    0x00004c53      0x1fd .\CortexM3\ARM_GCC_493\Debug\Design01.a(DMA_ADC2FILT_dma.o)
 .debug_info    0x00004e50      0x2cb .\CortexM3\ARM_GCC_493\Debug\Design01.a(ISR_DMA_FILT2RAM.o)
 .debug_info    0x0000511b      0x4cc .\CortexM3\ARM_GCC_493\Debug\Design01.a(Filter.o)
 .debug_info    0x000055e7       0xeb .\CortexM3\ARM_GCC_493\Debug\Design01.a(Filter_PVT.o)
 .debug_info    0x000056d2      0x12b .\CortexM3\ARM_GCC_493\Debug\Design01.a(Filter_RAM_Data.o)
 .debug_info    0x000057fd      0x1fd .\CortexM3\ARM_GCC_493\Debug\Design01.a(DMA_ADC2RAM_dma.o)
 .debug_info    0x000059fa      0x1f9 .\CortexM3\ARM_GCC_493\Debug\Design01.a(DMA_RAM2DAC_dma.o)
 .debug_info    0x00005bf3      0x1e0 .\CortexM3\ARM_GCC_493\Debug\Design01.a(VDACL.o)
 .debug_info    0x00005dd3      0x1e0 .\CortexM3\ARM_GCC_493\Debug\Design01.a(VDACH.o)
 .debug_info    0x00005fb3      0x1fd .\CortexM3\ARM_GCC_493\Debug\Design01.a(DMA_RAM2FILT_dma.o)
 .debug_info    0x000061b0      0x608 .\CortexM3\ARM_GCC_493\Debug\Design01.a(CyFlash.o)
 .debug_info    0x000067b8      0x4ea .\CortexM3\ARM_GCC_493\Debug\Design01.a(CySpc.o)

.debug_abbrev   0x00000000     0x2191
 *(.debug_abbrev)
 .debug_abbrev  0x00000000      0x1c2 .\CortexM3\ARM_GCC_493\Debug\main.o
 .debug_abbrev  0x000001c2       0x66 .\CortexM3\ARM_GCC_493\Debug\cymetadata.o
 .debug_abbrev  0x00000228      0x200 .\CortexM3\ARM_GCC_493\Debug\Cm3Start.o
 .debug_abbrev  0x00000428      0x203 .\CortexM3\ARM_GCC_493\Debug\Design01.a(cyfitter_cfg.o)
 .debug_abbrev  0x0000062b      0x1eb .\CortexM3\ARM_GCC_493\Debug\Design01.a(ADC_SAR_1.o)
 .debug_abbrev  0x00000816       0x42 .\CortexM3\ARM_GCC_493\Debug\Design01.a(ADC_SAR_1_INT.o)
 .debug_abbrev  0x00000858      0x1d0 .\CortexM3\ARM_GCC_493\Debug\Design01.a(I2C.o)
 .debug_abbrev  0x00000a28      0x12b .\CortexM3\ARM_GCC_493\Debug\Design01.a(I2C_PM.o)
 .debug_abbrev  0x00000b53       0x81 .\CortexM3\ARM_GCC_493\Debug\Design01.a(I2C_INT.o)
 .debug_abbrev  0x00000bd4      0x139 .\CortexM3\ARM_GCC_493\Debug\Design01.a(ADC_SAR_1_theACLK.o)
 .debug_abbrev  0x00000d0d       0x14 .\CortexM3\ARM_GCC_493\Debug\Design01.a(CyBootAsmGnu.o)
 .debug_abbrev  0x00000d21      0x1cc .\CortexM3\ARM_GCC_493\Debug\Design01.a(CyDmac.o)
 .debug_abbrev  0x00000eed      0x296 .\CortexM3\ARM_GCC_493\Debug\Design01.a(CyLib.o)
 .debug_abbrev  0x00001183      0x1ed .\CortexM3\ARM_GCC_493\Debug\Design01.a(cyPm.o)
 .debug_abbrev  0x00001370       0x90 .\CortexM3\ARM_GCC_493\Debug\Design01.a(Pin_Status_1.o)
 .debug_abbrev  0x00001400       0xeb .\CortexM3\ARM_GCC_493\Debug\Design01.a(DMA_ADC2FILT_dma.o)
 .debug_abbrev  0x000014eb      0x173 .\CortexM3\ARM_GCC_493\Debug\Design01.a(ISR_DMA_FILT2RAM.o)
 .debug_abbrev  0x0000165e      0x1f1 .\CortexM3\ARM_GCC_493\Debug\Design01.a(Filter.o)
 .debug_abbrev  0x0000184f       0x7f .\CortexM3\ARM_GCC_493\Debug\Design01.a(Filter_PVT.o)
 .debug_abbrev  0x000018ce       0x66 .\CortexM3\ARM_GCC_493\Debug\Design01.a(Filter_RAM_Data.o)
 .debug_abbrev  0x00001934       0xeb .\CortexM3\ARM_GCC_493\Debug\Design01.a(DMA_ADC2RAM_dma.o)
 .debug_abbrev  0x00001a1f       0xeb .\CortexM3\ARM_GCC_493\Debug\Design01.a(DMA_RAM2DAC_dma.o)
 .debug_abbrev  0x00001b0a       0xf7 .\CortexM3\ARM_GCC_493\Debug\Design01.a(VDACL.o)
 .debug_abbrev  0x00001c01       0xf7 .\CortexM3\ARM_GCC_493\Debug\Design01.a(VDACH.o)
 .debug_abbrev  0x00001cf8       0xeb .\CortexM3\ARM_GCC_493\Debug\Design01.a(DMA_RAM2FILT_dma.o)
 .debug_abbrev  0x00001de3      0x1ed .\CortexM3\ARM_GCC_493\Debug\Design01.a(CyFlash.o)
 .debug_abbrev  0x00001fd0      0x1c1 .\CortexM3\ARM_GCC_493\Debug\Design01.a(CySpc.o)

.debug_line     0x00000000     0x2960
 *(.debug_line)
 .debug_line    0x00000000      0x2b6 .\CortexM3\ARM_GCC_493\Debug\main.o
 .debug_line    0x000002b6       0x53 .\CortexM3\ARM_GCC_493\Debug\cymetadata.o
 .debug_line    0x00000309      0x254 .\CortexM3\ARM_GCC_493\Debug\Cm3Start.o
 .debug_line    0x0000055d      0x200 .\CortexM3\ARM_GCC_493\Debug\Design01.a(cyfitter_cfg.o)
 .debug_line    0x0000075d      0x223 .\CortexM3\ARM_GCC_493\Debug\Design01.a(ADC_SAR_1.o)
 .debug_line    0x00000980       0x58 .\CortexM3\ARM_GCC_493\Debug\Design01.a(ADC_SAR_1_INT.o)
 .debug_line    0x000009d8      0x129 .\CortexM3\ARM_GCC_493\Debug\Design01.a(I2C.o)
 .debug_line    0x00000b01       0xb8 .\CortexM3\ARM_GCC_493\Debug\Design01.a(I2C_PM.o)
 .debug_line    0x00000bb9       0xaa .\CortexM3\ARM_GCC_493\Debug\Design01.a(I2C_INT.o)
 .debug_line    0x00000c63      0x199 .\CortexM3\ARM_GCC_493\Debug\Design01.a(ADC_SAR_1_theACLK.o)
 .debug_line    0x00000dfc       0x68 .\CortexM3\ARM_GCC_493\Debug\Design01.a(CyBootAsmGnu.o)
 .debug_line    0x00000e64      0x2e5 .\CortexM3\ARM_GCC_493\Debug\Design01.a(CyDmac.o)
 .debug_line    0x00001149      0x806 .\CortexM3\ARM_GCC_493\Debug\Design01.a(CyLib.o)
 .debug_line    0x0000194f      0x366 .\CortexM3\ARM_GCC_493\Debug\Design01.a(cyPm.o)
 .debug_line    0x00001cb5       0x9b .\CortexM3\ARM_GCC_493\Debug\Design01.a(Pin_Status_1.o)
 .debug_line    0x00001d50       0xa2 .\CortexM3\ARM_GCC_493\Debug\Design01.a(DMA_ADC2FILT_dma.o)
 .debug_line    0x00001df2      0x156 .\CortexM3\ARM_GCC_493\Debug\Design01.a(ISR_DMA_FILT2RAM.o)
 .debug_line    0x00001f48      0x174 .\CortexM3\ARM_GCC_493\Debug\Design01.a(Filter.o)
 .debug_line    0x000020bc       0x76 .\CortexM3\ARM_GCC_493\Debug\Design01.a(Filter_PVT.o)
 .debug_line    0x00002132       0x58 .\CortexM3\ARM_GCC_493\Debug\Design01.a(Filter_RAM_Data.o)
 .debug_line    0x0000218a       0xa1 .\CortexM3\ARM_GCC_493\Debug\Design01.a(DMA_ADC2RAM_dma.o)
 .debug_line    0x0000222b       0xa1 .\CortexM3\ARM_GCC_493\Debug\Design01.a(DMA_RAM2DAC_dma.o)
 .debug_line    0x000022cc       0xe4 .\CortexM3\ARM_GCC_493\Debug\Design01.a(VDACL.o)
 .debug_line    0x000023b0       0xe4 .\CortexM3\ARM_GCC_493\Debug\Design01.a(VDACH.o)
 .debug_line    0x00002494       0xa2 .\CortexM3\ARM_GCC_493\Debug\Design01.a(DMA_RAM2FILT_dma.o)
 .debug_line    0x00002536      0x1ec .\CortexM3\ARM_GCC_493\Debug\Design01.a(CyFlash.o)
 .debug_line    0x00002722      0x23e .\CortexM3\ARM_GCC_493\Debug\Design01.a(CySpc.o)

.debug_frame    0x00000000     0x1b58
 *(.debug_frame)
 .debug_frame   0x00000000       0xd0 .\CortexM3\ARM_GCC_493\Debug\main.o
 .debug_frame   0x000000d0       0xac .\CortexM3\ARM_GCC_493\Debug\Cm3Start.o
 .debug_frame   0x0000017c       0xfc .\CortexM3\ARM_GCC_493\Debug\Design01.a(cyfitter_cfg.o)
 .debug_frame   0x00000278      0x1a8 .\CortexM3\ARM_GCC_493\Debug\Design01.a(ADC_SAR_1.o)
 .debug_frame   0x00000420       0x20 .\CortexM3\ARM_GCC_493\Debug\Design01.a(ADC_SAR_1_INT.o)
 .debug_frame   0x00000440       0xdc .\CortexM3\ARM_GCC_493\Debug\Design01.a(I2C.o)
 .debug_frame   0x0000051c       0x74 .\CortexM3\ARM_GCC_493\Debug\Design01.a(I2C_PM.o)
 .debug_frame   0x00000590       0x20 .\CortexM3\ARM_GCC_493\Debug\Design01.a(I2C_INT.o)
 .debug_frame   0x000005b0       0xe0 .\CortexM3\ARM_GCC_493\Debug\Design01.a(ADC_SAR_1_theACLK.o)
 .debug_frame   0x00000690      0x1f4 .\CortexM3\ARM_GCC_493\Debug\Design01.a(CyDmac.o)
 .debug_frame   0x00000884      0x728 .\CortexM3\ARM_GCC_493\Debug\Design01.a(CyLib.o)
 .debug_frame   0x00000fac      0x1f8 .\CortexM3\ARM_GCC_493\Debug\Design01.a(cyPm.o)
 .debug_frame   0x000011a4       0x50 .\CortexM3\ARM_GCC_493\Debug\Design01.a(Pin_Status_1.o)
 .debug_frame   0x000011f4       0x54 .\CortexM3\ARM_GCC_493\Debug\Design01.a(DMA_ADC2FILT_dma.o)
 .debug_frame   0x00001248      0x104 .\CortexM3\ARM_GCC_493\Debug\Design01.a(ISR_DMA_FILT2RAM.o)
 .debug_frame   0x0000134c      0x104 .\CortexM3\ARM_GCC_493\Debug\Design01.a(Filter.o)
 .debug_frame   0x00001450       0x30 .\CortexM3\ARM_GCC_493\Debug\Design01.a(Filter_PVT.o)
 .debug_frame   0x00001480       0x54 .\CortexM3\ARM_GCC_493\Debug\Design01.a(DMA_ADC2RAM_dma.o)
 .debug_frame   0x000014d4       0x54 .\CortexM3\ARM_GCC_493\Debug\Design01.a(DMA_RAM2DAC_dma.o)
 .debug_frame   0x00001528       0xb4 .\CortexM3\ARM_GCC_493\Debug\Design01.a(VDACL.o)
 .debug_frame   0x000015dc       0xb4 .\CortexM3\ARM_GCC_493\Debug\Design01.a(VDACH.o)
 .debug_frame   0x00001690       0x54 .\CortexM3\ARM_GCC_493\Debug\Design01.a(DMA_RAM2FILT_dma.o)
 .debug_frame   0x000016e4      0x174 .\CortexM3\ARM_GCC_493\Debug\Design01.a(CyFlash.o)
 .debug_frame   0x00001858      0x160 .\CortexM3\ARM_GCC_493\Debug\Design01.a(CySpc.o)
 .debug_frame   0x000019b8       0x28 c:/program files (x86)/cypress/psoc creator/3.3/psoc creator/import/gnu/arm/4.9.3/bin/../lib/gcc/arm-none-eabi/4.9.3/armv7-m\libgcc.a(_aeabi_ldivmod.o)
 .debug_frame   0x000019e0       0x54 c:/program files (x86)/cypress/psoc creator/3.3/psoc creator/import/gnu/arm/4.9.3/bin/../lib/gcc/arm-none-eabi/4.9.3/armv7-m\libgcc.a(bpabi.o)
 .debug_frame   0x00001a34       0x34 c:/program files (x86)/cypress/psoc creator/3.3/psoc creator/import/gnu/arm/4.9.3/bin/../lib/gcc/arm-none-eabi/4.9.3/armv7-m\libgcc.a(_divdi3.o)
 .debug_frame   0x00001a68       0x34 c:/program files (x86)/cypress/psoc creator/3.3/psoc creator/import/gnu/arm/4.9.3/bin/../lib/gcc/arm-none-eabi/4.9.3/armv7-m\libgcc.a(_udivdi3.o)
 .debug_frame   0x00001a9c       0x20 c:/program files (x86)/cypress/psoc creator/3.3/psoc creator/import/gnu/arm/4.9.3/bin/../lib/gcc/arm-none-eabi/4.9.3/../../../../arm-none-eabi/lib/armv7-m\libg_nano.a(lib_a-errno.o)
 .debug_frame   0x00001abc       0x28 c:/program files (x86)/cypress/psoc creator/3.3/psoc creator/import/gnu/arm/4.9.3/bin/../lib/gcc/arm-none-eabi/4.9.3/../../../../arm-none-eabi/lib/armv7-m\libg_nano.a(lib_a-exit.o)
 .debug_frame   0x00001ae4       0x2c c:/program files (x86)/cypress/psoc creator/3.3/psoc creator/import/gnu/arm/4.9.3/bin/../lib/gcc/arm-none-eabi/4.9.3/../../../../arm-none-eabi/lib/armv7-m\libg_nano.a(lib_a-init.o)
 .debug_frame   0x00001b10       0x28 c:/program files (x86)/cypress/psoc creator/3.3/psoc creator/import/gnu/arm/4.9.3/bin/../lib/gcc/arm-none-eabi/4.9.3/../../../../arm-none-eabi/lib/armv7-m\libg_nano.a(lib_a-memcpy.o)
 .debug_frame   0x00001b38       0x20 c:/program files (x86)/cypress/psoc creator/3.3/psoc creator/import/gnu/arm/4.9.3/bin/../lib/gcc/arm-none-eabi/4.9.3/../../../../arm-none-eabi/lib/armv7-m\libg_nano.a(lib_a-memset.o)

.debug_str      0x00000000     0x2475
 *(.debug_str)
 .debug_str     0x00000000      0x46e .\CortexM3\ARM_GCC_493\Debug\main.o
                                0x4af (size before relaxing)
 .debug_str     0x0000046e       0x77 .\CortexM3\ARM_GCC_493\Debug\cymetadata.o
                                0x1e9 (size before relaxing)
 .debug_str     0x000004e5      0x163 .\CortexM3\ARM_GCC_493\Debug\Cm3Start.o
                                0x30d (size before relaxing)
 .debug_str     0x00000648      0x153 .\CortexM3\ARM_GCC_493\Debug\Design01.a(cyfitter_cfg.o)
                                0x30c (size before relaxing)
 .debug_str     0x0000079b      0x29a .\CortexM3\ARM_GCC_493\Debug\Design01.a(ADC_SAR_1.o)
                                0x4c7 (size before relaxing)
 .debug_str     0x00000a35       0x37 .\CortexM3\ARM_GCC_493\Debug\Design01.a(ADC_SAR_1_INT.o)
                                0x19a (size before relaxing)
 .debug_str     0x00000a6c      0x159 .\CortexM3\ARM_GCC_493\Debug\Design01.a(I2C.o)
                                0x36d (size before relaxing)
 .debug_str     0x00000bc5       0x58 .\CortexM3\ARM_GCC_493\Debug\Design01.a(I2C_PM.o)
                                0x265 (size before relaxing)
 .debug_str     0x00000c1d       0x37 .\CortexM3\ARM_GCC_493\Debug\Design01.a(I2C_INT.o)
                                0x219 (size before relaxing)
 .debug_str     0x00000c54      0x1c0 .\CortexM3\ARM_GCC_493\Debug\Design01.a(ADC_SAR_1_theACLK.o)
                                0x365 (size before relaxing)
 .debug_str     0x00000e14      0x2fc .\CortexM3\ARM_GCC_493\Debug\Design01.a(CyDmac.o)
                                0x53d (size before relaxing)
 .debug_str     0x00001110      0x7a6 .\CortexM3\ARM_GCC_493\Debug\Design01.a(CyLib.o)
                                0xa22 (size before relaxing)
 .debug_str     0x000018b6      0x35b .\CortexM3\ARM_GCC_493\Debug\Design01.a(cyPm.o)
                                0x71a (size before relaxing)
 .debug_str     0x00001c11       0x66 .\CortexM3\ARM_GCC_493\Debug\Design01.a(Pin_Status_1.o)
                                0x204 (size before relaxing)
 .debug_str     0x00001c77       0x96 .\CortexM3\ARM_GCC_493\Debug\Design01.a(DMA_ADC2FILT_dma.o)
                                0x284 (size before relaxing)
 .debug_str     0x00001d0d      0x169 .\CortexM3\ARM_GCC_493\Debug\Design01.a(ISR_DMA_FILT2RAM.o)
                                0x333 (size before relaxing)
 .debug_str     0x00001e76      0x14f .\CortexM3\ARM_GCC_493\Debug\Design01.a(Filter.o)
                                0x32f (size before relaxing)
 .debug_str     0x00001fc5       0x2d .\CortexM3\ARM_GCC_493\Debug\Design01.a(Filter_PVT.o)
                                0x1ce (size before relaxing)
 .debug_str     0x00001ff2       0x2b .\CortexM3\ARM_GCC_493\Debug\Design01.a(Filter_RAM_Data.o)
                                0x1df (size before relaxing)
 .debug_str     0x0000201d       0x58 .\CortexM3\ARM_GCC_493\Debug\Design01.a(DMA_ADC2RAM_dma.o)
                                0x280 (size before relaxing)
 .debug_str     0x00002075       0x58 .\CortexM3\ARM_GCC_493\Debug\Design01.a(DMA_RAM2DAC_dma.o)
                                0x280 (size before relaxing)
 .debug_str     0x000020cd       0x8a .\CortexM3\ARM_GCC_493\Debug\Design01.a(VDACL.o)
                                0x21e (size before relaxing)
 .debug_str     0x00002157       0x7e .\CortexM3\ARM_GCC_493\Debug\Design01.a(VDACH.o)
                                0x21e (size before relaxing)
 .debug_str     0x000021d5       0x5b .\CortexM3\ARM_GCC_493\Debug\Design01.a(DMA_RAM2FILT_dma.o)
                                0x284 (size before relaxing)
 .debug_str     0x00002230      0x197 .\CortexM3\ARM_GCC_493\Debug\Design01.a(CyFlash.o)
                                0x394 (size before relaxing)
 .debug_str     0x000023c7       0xae .\CortexM3\ARM_GCC_493\Debug\Design01.a(CySpc.o)
                                0x31d (size before relaxing)

.debug_loc      0x00000000     0x2ec5
 *(.debug_loc)
 .debug_loc     0x00000000       0x39 .\CortexM3\ARM_GCC_493\Debug\main.o
 .debug_loc     0x00000039      0x144 .\CortexM3\ARM_GCC_493\Debug\Cm3Start.o
 .debug_loc     0x0000017d      0x1fd .\CortexM3\ARM_GCC_493\Debug\Design01.a(cyfitter_cfg.o)
 .debug_loc     0x0000037a      0x29f .\CortexM3\ARM_GCC_493\Debug\Design01.a(ADC_SAR_1.o)
 .debug_loc     0x00000619       0x95 .\CortexM3\ARM_GCC_493\Debug\Design01.a(I2C.o)
 .debug_loc     0x000006ae       0x13 .\CortexM3\ARM_GCC_493\Debug\Design01.a(I2C_PM.o)
 .debug_loc     0x000006c1      0x12c .\CortexM3\ARM_GCC_493\Debug\Design01.a(ADC_SAR_1_theACLK.o)
 .debug_loc     0x000007ed      0xb83 .\CortexM3\ARM_GCC_493\Debug\Design01.a(CyDmac.o)
 .debug_loc     0x00001370      0xa11 .\CortexM3\ARM_GCC_493\Debug\Design01.a(CyLib.o)
 .debug_loc     0x00001d81      0x1e4 .\CortexM3\ARM_GCC_493\Debug\Design01.a(cyPm.o)
 .debug_loc     0x00001f65       0x42 .\CortexM3\ARM_GCC_493\Debug\Design01.a(Pin_Status_1.o)
 .debug_loc     0x00001fa7       0x84 .\CortexM3\ARM_GCC_493\Debug\Design01.a(DMA_ADC2FILT_dma.o)
 .debug_loc     0x0000202b       0x56 .\CortexM3\ARM_GCC_493\Debug\Design01.a(ISR_DMA_FILT2RAM.o)
 .debug_loc     0x00002081      0x23d .\CortexM3\ARM_GCC_493\Debug\Design01.a(Filter.o)
 .debug_loc     0x000022be       0x3c .\CortexM3\ARM_GCC_493\Debug\Design01.a(Filter_PVT.o)
 .debug_loc     0x000022fa       0x84 .\CortexM3\ARM_GCC_493\Debug\Design01.a(DMA_ADC2RAM_dma.o)
 .debug_loc     0x0000237e       0x84 .\CortexM3\ARM_GCC_493\Debug\Design01.a(DMA_RAM2DAC_dma.o)
 .debug_loc     0x00002402       0x79 .\CortexM3\ARM_GCC_493\Debug\Design01.a(VDACL.o)
 .debug_loc     0x0000247b       0x79 .\CortexM3\ARM_GCC_493\Debug\Design01.a(VDACH.o)
 .debug_loc     0x000024f4       0x84 .\CortexM3\ARM_GCC_493\Debug\Design01.a(DMA_RAM2FILT_dma.o)
 .debug_loc     0x00002578      0x300 .\CortexM3\ARM_GCC_493\Debug\Design01.a(CyFlash.o)
 .debug_loc     0x00002878      0x64d .\CortexM3\ARM_GCC_493\Debug\Design01.a(CySpc.o)

.debug_macinfo
 *(.debug_macinfo)

.debug_ranges   0x00000000      0x900
 *(.debug_ranges)
 .debug_ranges  0x00000000       0x38 .\CortexM3\ARM_GCC_493\Debug\main.o
 .debug_ranges  0x00000038       0x38 .\CortexM3\ARM_GCC_493\Debug\Cm3Start.o
 .debug_ranges  0x00000070       0x48 .\CortexM3\ARM_GCC_493\Debug\Design01.a(cyfitter_cfg.o)
 .debug_ranges  0x000000b8       0x98 .\CortexM3\ARM_GCC_493\Debug\Design01.a(ADC_SAR_1.o)
 .debug_ranges  0x00000150       0x10 .\CortexM3\ARM_GCC_493\Debug\Design01.a(ADC_SAR_1_INT.o)
 .debug_ranges  0x00000160       0x48 .\CortexM3\ARM_GCC_493\Debug\Design01.a(I2C.o)
 .debug_ranges  0x000001a8       0x28 .\CortexM3\ARM_GCC_493\Debug\Design01.a(I2C_PM.o)
 .debug_ranges  0x000001d0       0x10 .\CortexM3\ARM_GCC_493\Debug\Design01.a(I2C_INT.o)
 .debug_ranges  0x000001e0       0x60 .\CortexM3\ARM_GCC_493\Debug\Design01.a(ADC_SAR_1_theACLK.o)
 .debug_ranges  0x00000240       0xc8 .\CortexM3\ARM_GCC_493\Debug\Design01.a(CyDmac.o)
 .debug_ranges  0x00000308      0x288 .\CortexM3\ARM_GCC_493\Debug\Design01.a(CyLib.o)
 .debug_ranges  0x00000590       0x88 .\CortexM3\ARM_GCC_493\Debug\Design01.a(cyPm.o)
 .debug_ranges  0x00000618       0x28 .\CortexM3\ARM_GCC_493\Debug\Design01.a(Pin_Status_1.o)
 .debug_ranges  0x00000640       0x18 .\CortexM3\ARM_GCC_493\Debug\Design01.a(DMA_ADC2FILT_dma.o)
 .debug_ranges  0x00000658       0x70 .\CortexM3\ARM_GCC_493\Debug\Design01.a(ISR_DMA_FILT2RAM.o)
 .debug_ranges  0x000006c8       0x70 .\CortexM3\ARM_GCC_493\Debug\Design01.a(Filter.o)
 .debug_ranges  0x00000738       0x18 .\CortexM3\ARM_GCC_493\Debug\Design01.a(Filter_PVT.o)
 .debug_ranges  0x00000750       0x18 .\CortexM3\ARM_GCC_493\Debug\Design01.a(DMA_ADC2RAM_dma.o)
 .debug_ranges  0x00000768       0x18 .\CortexM3\ARM_GCC_493\Debug\Design01.a(DMA_RAM2DAC_dma.o)
 .debug_ranges  0x00000780       0x48 .\CortexM3\ARM_GCC_493\Debug\Design01.a(VDACL.o)
 .debug_ranges  0x000007c8       0x48 .\CortexM3\ARM_GCC_493\Debug\Design01.a(VDACH.o)
 .debug_ranges  0x00000810       0x18 .\CortexM3\ARM_GCC_493\Debug\Design01.a(DMA_RAM2FILT_dma.o)
 .debug_ranges  0x00000828       0x70 .\CortexM3\ARM_GCC_493\Debug\Design01.a(CyFlash.o)
 .debug_ranges  0x00000898       0x68 .\CortexM3\ARM_GCC_493\Debug\Design01.a(CySpc.o)

.comment        0x00000000       0x70
 .comment       0x00000000       0x70 .\CortexM3\ARM_GCC_493\Debug\main.o
                                 0x71 (size before relaxing)
 .comment       0x00000000       0x71 .\CortexM3\ARM_GCC_493\Debug\cymetadata.o
 .comment       0x00000000       0x71 .\CortexM3\ARM_GCC_493\Debug\Cm3Start.o
 .comment       0x00000000       0x71 .\CortexM3\ARM_GCC_493\Debug\Design01.a(cyfitter_cfg.o)
 .comment       0x00000000       0x71 .\CortexM3\ARM_GCC_493\Debug\Design01.a(ADC_SAR_1.o)
 .comment       0x00000000       0x71 .\CortexM3\ARM_GCC_493\Debug\Design01.a(ADC_SAR_1_INT.o)
 .comment       0x00000000       0x71 .\CortexM3\ARM_GCC_493\Debug\Design01.a(I2C.o)
 .comment       0x00000000       0x71 .\CortexM3\ARM_GCC_493\Debug\Design01.a(I2C_PM.o)
 .comment       0x00000000       0x71 .\CortexM3\ARM_GCC_493\Debug\Design01.a(I2C_INT.o)
 .comment       0x00000000       0x71 .\CortexM3\ARM_GCC_493\Debug\Design01.a(ADC_SAR_1_theACLK.o)
 .comment       0x00000000       0x71 .\CortexM3\ARM_GCC_493\Debug\Design01.a(CyDmac.o)
 .comment       0x00000000       0x71 .\CortexM3\ARM_GCC_493\Debug\Design01.a(CyLib.o)
 .comment       0x00000000       0x71 .\CortexM3\ARM_GCC_493\Debug\Design01.a(cyPm.o)
 .comment       0x00000000       0x71 .\CortexM3\ARM_GCC_493\Debug\Design01.a(Pin_Status_1.o)
 .comment       0x00000000       0x71 .\CortexM3\ARM_GCC_493\Debug\Design01.a(DMA_ADC2FILT_dma.o)
 .comment       0x00000000       0x71 .\CortexM3\ARM_GCC_493\Debug\Design01.a(ISR_DMA_FILT2RAM.o)
 .comment       0x00000000       0x71 .\CortexM3\ARM_GCC_493\Debug\Design01.a(Filter.o)
 .comment       0x00000000       0x71 .\CortexM3\ARM_GCC_493\Debug\Design01.a(Filter_PVT.o)
 .comment       0x00000000       0x71 .\CortexM3\ARM_GCC_493\Debug\Design01.a(Filter_RAM_Data.o)
 .comment       0x00000000       0x71 .\CortexM3\ARM_GCC_493\Debug\Design01.a(DMA_ADC2RAM_dma.o)
 .comment       0x00000000       0x71 .\CortexM3\ARM_GCC_493\Debug\Design01.a(DMA_RAM2DAC_dma.o)
 .comment       0x00000000       0x71 .\CortexM3\ARM_GCC_493\Debug\Design01.a(VDACL.o)
 .comment       0x00000000       0x71 .\CortexM3\ARM_GCC_493\Debug\Design01.a(VDACH.o)
 .comment       0x00000000       0x71 .\CortexM3\ARM_GCC_493\Debug\Design01.a(DMA_RAM2FILT_dma.o)
 .comment       0x00000000       0x71 .\CortexM3\ARM_GCC_493\Debug\Design01.a(CyFlash.o)
 .comment       0x00000000       0x71 .\CortexM3\ARM_GCC_493\Debug\Design01.a(CySpc.o)

.debug_weaknames
 *(.debug_weaknames)

.debug_funcnames
 *(.debug_funcnames)

.debug_typenames
 *(.debug_typenames)

.debug_varnames
 *(.debug_varnames)

.note.gnu.arm.ident
 *(.note.gnu.arm.ident)

.ARM.attributes
                0x00000000       0x29
 *(.ARM.attributes)
 .ARM.attributes
                0x00000000       0x1d c:/program files (x86)/cypress/psoc creator/3.3/psoc creator/import/gnu/arm/4.9.3/bin/../lib/gcc/arm-none-eabi/4.9.3/armv7-m/crti.o
 .ARM.attributes
                0x0000001d       0x2d c:/program files (x86)/cypress/psoc creator/3.3/psoc creator/import/gnu/arm/4.9.3/bin/../lib/gcc/arm-none-eabi/4.9.3/armv7-m/crtbegin.o
 .ARM.attributes
                0x0000004a       0x1b c:/program files (x86)/cypress/psoc creator/3.3/psoc creator/import/gnu/arm/4.9.3/bin/../lib/gcc/arm-none-eabi/4.9.3/../../../../arm-none-eabi/lib/armv7-m/crt0.o
 .ARM.attributes
                0x00000065       0x33 .\CortexM3\ARM_GCC_493\Debug\main.o
 .ARM.attributes
                0x00000098       0x33 .\CortexM3\ARM_GCC_493\Debug\cymetadata.o
 .ARM.attributes
                0x000000cb       0x33 .\CortexM3\ARM_GCC_493\Debug\Cm3Start.o
 .ARM.attributes
                0x000000fe       0x33 .\CortexM3\ARM_GCC_493\Debug\Design01.a(cyfitter_cfg.o)
 .ARM.attributes
                0x00000131       0x33 .\CortexM3\ARM_GCC_493\Debug\Design01.a(ADC_SAR_1.o)
 .ARM.attributes
                0x00000164       0x33 .\CortexM3\ARM_GCC_493\Debug\Design01.a(ADC_SAR_1_INT.o)
 .ARM.attributes
                0x00000197       0x33 .\CortexM3\ARM_GCC_493\Debug\Design01.a(I2C.o)
 .ARM.attributes
                0x000001ca       0x33 .\CortexM3\ARM_GCC_493\Debug\Design01.a(I2C_PM.o)
 .ARM.attributes
                0x000001fd       0x33 .\CortexM3\ARM_GCC_493\Debug\Design01.a(I2C_INT.o)
 .ARM.attributes
                0x00000230       0x33 .\CortexM3\ARM_GCC_493\Debug\Design01.a(ADC_SAR_1_theACLK.o)
 .ARM.attributes
                0x00000263       0x21 .\CortexM3\ARM_GCC_493\Debug\Design01.a(CyBootAsmGnu.o)
 .ARM.attributes
                0x00000284       0x33 .\CortexM3\ARM_GCC_493\Debug\Design01.a(CyDmac.o)
 .ARM.attributes
                0x000002b7       0x33 .\CortexM3\ARM_GCC_493\Debug\Design01.a(CyLib.o)
 .ARM.attributes
                0x000002ea       0x33 .\CortexM3\ARM_GCC_493\Debug\Design01.a(cyPm.o)
 .ARM.attributes
                0x0000031d       0x33 .\CortexM3\ARM_GCC_493\Debug\Design01.a(Pin_Status_1.o)
 .ARM.attributes
                0x00000350       0x33 .\CortexM3\ARM_GCC_493\Debug\Design01.a(DMA_ADC2FILT_dma.o)
 .ARM.attributes
                0x00000383       0x33 .\CortexM3\ARM_GCC_493\Debug\Design01.a(ISR_DMA_FILT2RAM.o)
 .ARM.attributes
                0x000003b6       0x33 .\CortexM3\ARM_GCC_493\Debug\Design01.a(Filter.o)
 .ARM.attributes
                0x000003e9       0x33 .\CortexM3\ARM_GCC_493\Debug\Design01.a(Filter_PVT.o)
 .ARM.attributes
                0x0000041c       0x33 .\CortexM3\ARM_GCC_493\Debug\Design01.a(Filter_RAM_Data.o)
 .ARM.attributes
                0x0000044f       0x33 .\CortexM3\ARM_GCC_493\Debug\Design01.a(DMA_ADC2RAM_dma.o)
 .ARM.attributes
                0x00000482       0x33 .\CortexM3\ARM_GCC_493\Debug\Design01.a(DMA_RAM2DAC_dma.o)
 .ARM.attributes
                0x000004b5       0x33 .\CortexM3\ARM_GCC_493\Debug\Design01.a(VDACL.o)
 .ARM.attributes
                0x000004e8       0x33 .\CortexM3\ARM_GCC_493\Debug\Design01.a(VDACH.o)
 .ARM.attributes
                0x0000051b       0x33 .\CortexM3\ARM_GCC_493\Debug\Design01.a(DMA_RAM2FILT_dma.o)
 .ARM.attributes
                0x0000054e       0x33 .\CortexM3\ARM_GCC_493\Debug\Design01.a(CyFlash.o)
 .ARM.attributes
                0x00000581       0x33 .\CortexM3\ARM_GCC_493\Debug\Design01.a(CySpc.o)
 .ARM.attributes
                0x000005b4       0x1d c:/program files (x86)/cypress/psoc creator/3.3/psoc creator/import/gnu/arm/4.9.3/bin/../lib/gcc/arm-none-eabi/4.9.3/armv7-m\libgcc.a(_arm_addsubsf3.o)
 .ARM.attributes
                0x000005d1       0x1d c:/program files (x86)/cypress/psoc creator/3.3/psoc creator/import/gnu/arm/4.9.3/bin/../lib/gcc/arm-none-eabi/4.9.3/armv7-m\libgcc.a(_arm_muldivsf3.o)
 .ARM.attributes
                0x000005ee       0x1d c:/program files (x86)/cypress/psoc creator/3.3/psoc creator/import/gnu/arm/4.9.3/bin/../lib/gcc/arm-none-eabi/4.9.3/armv7-m\libgcc.a(_aeabi_ldivmod.o)
 .ARM.attributes
                0x0000060b       0x2d c:/program files (x86)/cypress/psoc creator/3.3/psoc creator/import/gnu/arm/4.9.3/bin/../lib/gcc/arm-none-eabi/4.9.3/armv7-m\libgcc.a(bpabi.o)
 .ARM.attributes
                0x00000638       0x1d c:/program files (x86)/cypress/psoc creator/3.3/psoc creator/import/gnu/arm/4.9.3/bin/../lib/gcc/arm-none-eabi/4.9.3/armv7-m\libgcc.a(_dvmd_tls.o)
 .ARM.attributes
                0x00000655       0x2d c:/program files (x86)/cypress/psoc creator/3.3/psoc creator/import/gnu/arm/4.9.3/bin/../lib/gcc/arm-none-eabi/4.9.3/armv7-m\libgcc.a(_divdi3.o)
 .ARM.attributes
                0x00000682       0x2d c:/program files (x86)/cypress/psoc creator/3.3/psoc creator/import/gnu/arm/4.9.3/bin/../lib/gcc/arm-none-eabi/4.9.3/armv7-m\libgcc.a(_udivdi3.o)
 .ARM.attributes
                0x000006af       0x2d c:/program files (x86)/cypress/psoc creator/3.3/psoc creator/import/gnu/arm/4.9.3/bin/../lib/gcc/arm-none-eabi/4.9.3/../../../../arm-none-eabi/lib/armv7-m\libg_nano.a(lib_a-errno.o)
 .ARM.attributes
                0x000006dc       0x2d c:/program files (x86)/cypress/psoc creator/3.3/psoc creator/import/gnu/arm/4.9.3/bin/../lib/gcc/arm-none-eabi/4.9.3/../../../../arm-none-eabi/lib/armv7-m\libg_nano.a(lib_a-exit.o)
 .ARM.attributes
                0x00000709       0x2d c:/program files (x86)/cypress/psoc creator/3.3/psoc creator/import/gnu/arm/4.9.3/bin/../lib/gcc/arm-none-eabi/4.9.3/../../../../arm-none-eabi/lib/armv7-m\libg_nano.a(lib_a-impure.o)
 .ARM.attributes
                0x00000736       0x2d c:/program files (x86)/cypress/psoc creator/3.3/psoc creator/import/gnu/arm/4.9.3/bin/../lib/gcc/arm-none-eabi/4.9.3/../../../../arm-none-eabi/lib/armv7-m\libg_nano.a(lib_a-init.o)
 .ARM.attributes
                0x00000763       0x2d c:/program files (x86)/cypress/psoc creator/3.3/psoc creator/import/gnu/arm/4.9.3/bin/../lib/gcc/arm-none-eabi/4.9.3/../../../../arm-none-eabi/lib/armv7-m\libg_nano.a(lib_a-memcpy.o)
 .ARM.attributes
                0x00000790       0x2d c:/program files (x86)/cypress/psoc creator/3.3/psoc creator/import/gnu/arm/4.9.3/bin/../lib/gcc/arm-none-eabi/4.9.3/../../../../arm-none-eabi/lib/armv7-m\libg_nano.a(lib_a-memset.o)
 .ARM.attributes
                0x000007bd       0x2d c:/program files (x86)/cypress/psoc creator/3.3/psoc creator/import/gnu/arm/4.9.3/bin/../lib/gcc/arm-none-eabi/4.9.3/armv7-m/crtend.o
 .ARM.attributes
                0x000007ea       0x1d c:/program files (x86)/cypress/psoc creator/3.3/psoc creator/import/gnu/arm/4.9.3/bin/../lib/gcc/arm-none-eabi/4.9.3/armv7-m/crtn.o

/DISCARD/
 *(.note.GNU-stack)
OUTPUT(.\CortexM3\ARM_GCC_493\Debug\Design01.elf elf32-littlearm)
