Archive member included because of file (symbol)

.\CortexM3\ARM_GCC_493\Debug\Design01.a(cyfitter_cfg.o)
                              .\CortexM3\ARM_GCC_493\Debug\Cm3Start.o (cyfitter_cfg)
.\CortexM3\ARM_GCC_493\Debug\Design01.a(ADC_SAR_1.o)
                              .\CortexM3\ARM_GCC_493\Debug\main.o (ADC_SAR_1_Start)
.\CortexM3\ARM_GCC_493\Debug\Design01.a(ADC_SAR_1_INT.o)
                              .\CortexM3\ARM_GCC_493\Debug\Design01.a(ADC_SAR_1.o) (ADC_SAR_1_ISR)
.\CortexM3\ARM_GCC_493\Debug\Design01.a(I2C.o)
                              .\CortexM3\ARM_GCC_493\Debug\main.o (I2C_Start)
.\CortexM3\ARM_GCC_493\Debug\Design01.a(I2C_PM.o)
                              .\CortexM3\ARM_GCC_493\Debug\Design01.a(I2C.o) (I2C_backup)
.\CortexM3\ARM_GCC_493\Debug\Design01.a(I2C_INT.o)
                              .\CortexM3\ARM_GCC_493\Debug\Design01.a(I2C.o) (I2C_ISR)
.\CortexM3\ARM_GCC_493\Debug\Design01.a(ADC_SAR_1_theACLK.o)
                              .\CortexM3\ARM_GCC_493\Debug\Design01.a(ADC_SAR_1.o) (ADC_SAR_1_theACLK_SetModeRegister)
.\CortexM3\ARM_GCC_493\Debug\Design01.a(CyBootAsmGnu.o)
                              .\CortexM3\ARM_GCC_493\Debug\Design01.a(cyfitter_cfg.o) (CyDelayCycles)
.\CortexM3\ARM_GCC_493\Debug\Design01.a(CyDmac.o)
                              .\CortexM3\ARM_GCC_493\Debug\Cm3Start.o (CyDmacConfigure)
.\CortexM3\ARM_GCC_493\Debug\Design01.a(CyLib.o)
                              .\CortexM3\ARM_GCC_493\Debug\Cm3Start.o (CyHalt)
.\CortexM3\ARM_GCC_493\Debug\Design01.a(cyPm.o)
                              .\CortexM3\ARM_GCC_493\Debug\Design01.a(CyLib.o) (CyPmReadStatus)
.\CortexM3\ARM_GCC_493\Debug\Design01.a(Pin_Status_1.o)
                              .\CortexM3\ARM_GCC_493\Debug\main.o (Pin_Status_1_Write)
.\CortexM3\ARM_GCC_493\Debug\Design01.a(DMA_FILT2RAM_dma.o)
                              .\CortexM3\ARM_GCC_493\Debug\main.o (DMA_FILT2RAM_DmaInitialize)
.\CortexM3\ARM_GCC_493\Debug\Design01.a(DMA_ADC2FILT_dma.o)
                              .\CortexM3\ARM_GCC_493\Debug\main.o (DMA_ADC2FILT_DmaInitialize)
.\CortexM3\ARM_GCC_493\Debug\Design01.a(ISR_DMA_FILT2RAM.o)
                              .\CortexM3\ARM_GCC_493\Debug\main.o (ISR_DMA_FILT2RAM_StartEx)
.\CortexM3\ARM_GCC_493\Debug\Design01.a(Filter.o)
                              .\CortexM3\ARM_GCC_493\Debug\main.o (Filter_Start)
.\CortexM3\ARM_GCC_493\Debug\Design01.a(Filter_PVT.o)
                              .\CortexM3\ARM_GCC_493\Debug\Design01.a(Filter.o) (Filter_SetInterruptMode)
.\CortexM3\ARM_GCC_493\Debug\Design01.a(Filter_RAM_Data.o)
                              .\CortexM3\ARM_GCC_493\Debug\Design01.a(Filter.o) (Filter_cfsm)
.\CortexM3\ARM_GCC_493\Debug\Design01.a(DMA_ADC2RAM_dma.o)
                              .\CortexM3\ARM_GCC_493\Debug\main.o (DMA_ADC2RAM_DmaInitialize)
.\CortexM3\ARM_GCC_493\Debug\Design01.a(DMA_RAM2DAC_dma.o)
                              .\CortexM3\ARM_GCC_493\Debug\main.o (DMA_RAM2DAC_DmaInitialize)
.\CortexM3\ARM_GCC_493\Debug\Design01.a(VDACL.o)
                              .\CortexM3\ARM_GCC_493\Debug\main.o (VDACL_SetValue)
.\CortexM3\ARM_GCC_493\Debug\Design01.a(VDACH.o)
                              .\CortexM3\ARM_GCC_493\Debug\main.o (VDACH_SetValue)
.\CortexM3\ARM_GCC_493\Debug\Design01.a(DMA_RAM2FILT_dma.o)
                              .\CortexM3\ARM_GCC_493\Debug\main.o (DMA_RAM2FILT_DmaInitialize)
.\CortexM3\ARM_GCC_493\Debug\Design01.a(CyFlash.o)
                              .\CortexM3\ARM_GCC_493\Debug\Design01.a(cyPm.o) (CyFlash_SetWaitCycles)
.\CortexM3\ARM_GCC_493\Debug\Design01.a(CySpc.o)
                              .\CortexM3\ARM_GCC_493\Debug\Design01.a(CyFlash.o) (CySpcStart)
c:/program files (x86)/cypress/psoc creator/3.3/psoc creator/import/gnu/arm/4.9.3/bin/../lib/gcc/arm-none-eabi/4.9.3/armv7-m\libgcc.a(_arm_addsubsf3.o)
                              .\CortexM3\ARM_GCC_493\Debug\Design01.a(ADC_SAR_1.o) (__aeabi_i2f)
c:/program files (x86)/cypress/psoc creator/3.3/psoc creator/import/gnu/arm/4.9.3/bin/../lib/gcc/arm-none-eabi/4.9.3/armv7-m\libgcc.a(_arm_muldivsf3.o)
                              .\CortexM3\ARM_GCC_493\Debug\Design01.a(ADC_SAR_1.o) (__aeabi_fmul)
c:/program files (x86)/cypress/psoc creator/3.3/psoc creator/import/gnu/arm/4.9.3/bin/../lib/gcc/arm-none-eabi/4.9.3/armv7-m\libgcc.a(_aeabi_ldivmod.o)
                              .\CortexM3\ARM_GCC_493\Debug\Design01.a(ADC_SAR_1.o) (__aeabi_ldivmod)
c:/program files (x86)/cypress/psoc creator/3.3/psoc creator/import/gnu/arm/4.9.3/bin/../lib/gcc/arm-none-eabi/4.9.3/armv7-m\libgcc.a(bpabi.o)
                              c:/program files (x86)/cypress/psoc creator/3.3/psoc creator/import/gnu/arm/4.9.3/bin/../lib/gcc/arm-none-eabi/4.9.3/armv7-m\libgcc.a(_aeabi_ldivmod.o) (__gnu_ldivmod_helper)
c:/program files (x86)/cypress/psoc creator/3.3/psoc creator/import/gnu/arm/4.9.3/bin/../lib/gcc/arm-none-eabi/4.9.3/armv7-m\libgcc.a(_dvmd_tls.o)
[...]
Memory Configuration

Name             Origin             Length             Attributes
rom              0x00000000         0x00040000         xr
ram              0x1fff8000         0x00010000         xrw
*default*        0x00000000         0xffffffff

Linker script and memory map

LOAD c:/program files (x86)/cypress/psoc creator/3.3/psoc creator/import/gnu/arm/4.9.3/bin/../lib/gcc/arm-none-eabi/4.9.3/armv7-m/crti.o
LOAD c:/program files (x86)/cypress/psoc creator/3.3/psoc creator/import/gnu/arm/4.9.3/bin/../lib/gcc/arm-none-eabi/4.9.3/armv7-m/crtbegin.o
LOAD c:/program files (x86)/cypress/psoc creator/3.3/psoc creator/import/gnu/arm/4.9.3/bin/../lib/gcc/arm-none-eabi/4.9.3/../../../../arm-none-eabi/lib/armv7-m/crt0.o
START GROUP
LOAD .\CortexM3\ARM_GCC_493\Debug\main.o
LOAD .\CortexM3\ARM_GCC_493\Debug\cymetadata.o
LOAD .\CortexM3\ARM_GCC_493\Debug\Cm3Start.o
LOAD .\CortexM3\ARM_GCC_493\Debug\Design01.a
LOAD C:\Program Files (x86)\Cypress\PSoC Creator\3.3\PSoC Creator\psoc\content\cycomponentlibrary\CyComponentLibrary.cylib\CortexM3\ARM_GCC_493\Debug\CyComponentLibrary.a
END GROUP
START GROUP
LOAD c:/program files (x86)/cypress/psoc creator/3.3/psoc creator/import/gnu/arm/4.9.3/bin/../lib/gcc/arm-none-eabi/4.9.3/armv7-m\libgcc.a
LOAD c:/program files (x86)/cypress/psoc creator/3.3/psoc creator/import/gnu/arm/4.9.3/bin/../lib/gcc/arm-none-eabi/4.9.3/../../../../arm-none-eabi/lib/armv7-m\libg_nano.a
LOAD c:/program files (x86)/cypress/psoc creator/3.3/psoc creator/import/gnu/arm/4.9.3/bin/../lib/gcc/arm-none-eabi/4.9.3/../../../../arm-none-eabi/lib/armv7-m\libc_nano.a
END GROUP
START GROUP
LOAD c:/program files (x86)/cypress/psoc creator/3.3/psoc creator/import/gnu/arm/4.9.3/bin/../lib/gcc/arm-none-eabi/4.9.3/armv7-m\libgcc.a
LOAD c:/program files (x86)/cypress/psoc creator/3.3/psoc creator/import/gnu/arm/4.9.3/bin/../lib/gcc/arm-none-eabi/4.9.3/../../../../arm-none-eabi/lib/armv7-m\libc_nano.a
END GROUP
LOAD c:/program files (x86)/cypress/psoc creator/3.3/psoc creator/import/gnu/arm/4.9.3/bin/../lib/gcc/arm-none-eabi/4.9.3/armv7-m/crtend.o
LOAD c:/program files (x86)/cypress/psoc creator/3.3/psoc creator/import/gnu/arm/4.9.3/bin/../lib/gcc/arm-none-eabi/4.9.3/armv7-m/crtn.o
START GROUP
LOAD c:/program files (x86)/cypress/psoc creator/3.3/psoc creator/import/gnu/arm/4.9.3/bin/../lib/gcc/arm-none-eabi/4.9.3/armv7-m\libgcc.a
LOAD c:/program files (x86)/cypress/psoc creator/3.3/psoc creator/import/gnu/arm/4.9.3/bin/../lib/gcc/arm-none-eabi/4.9.3/../../../../arm-none-eabi/lib/armv7-m\libc.a
LOAD c:/program files (x86)/cypress/psoc creator/3.3/psoc creator/import/gnu/arm/4.9.3/bin/../lib/gcc/arm-none-eabi/4.9.3/../../../../arm-none-eabi/lib/armv7-m\libnosys.a
END GROUP
                0x00000000                CY_APPL_ORIGIN = 0x0
                0x00000100                CY_FLASH_ROW_SIZE = 0x100
                0x00000020                CY_ECC_ROW_SIZE = 0x20
                0x00000000                CY_EE_IN_BTLDR = 0x0
                0x00000000                CY_APPL_LOADABLE = 0x0
                0x00000800                CY_EE_SIZE = 0x800
                0x00000001                CY_APPL_NUM = 0x1
                0x00000001                CY_APPL_MAX = 0x1
                0x00000040                CY_METADATA_SIZE = 0x40
                0x00000000                CY_APPL_LOADABLE = 0x0
                0x00000000                CY_CHECKSUM_EXCLUDE_SIZE = ALIGN (0x0, CY_FLASH_ROW_SIZE)
                0x1fff8378                PROVIDE (__cy_heap_start, _end)
                0x00000001                PROVIDE (__cy_region_num, ((__cy_regions_end - __cy_regions) / 0x10))
                0x20008000                PROVIDE (__cy_stack, (ORIGIN (ram) + 0x10000))
                0x20007800                PROVIDE (__cy_heap_end, (__cy_stack - 0x800))

.cybootloader   0x00000000        0x0
 *(.cybootloader)
                0x00000000                appl1_start = CY_APPL_ORIGIN?CY_APPL_ORIGIN:ALIGN (CY_FLASH_ROW_SIZE)
                0x0001ff00                appl2_start = (appl1_start + ALIGN ((((0x40000 - appl1_start) - (0x2 * CY_FLASH_ROW_SIZE)) / 0x2), CY_FLASH_ROW_SIZE))
                0x00000000                appl_start = (CY_APPL_NUM == 0x1)?appl1_start:appl2_start
                0x00000000                ecc_offset = ((appl_start / CY_FLASH_ROW_SIZE) * CY_ECC_ROW_SIZE)
                0x00000000                ee_offset = (CY_APPL_LOADABLE && ! (CY_EE_IN_BTLDR))?((CY_EE_SIZE / CY_APPL_MAX) * (CY_APPL_NUM - 0x1)):0x0
                0x00000800                ee_size = (CY_APPL_LOADABLE && ! (CY_EE_IN_BTLDR))?(CY_EE_SIZE / CY_APPL_MAX):CY_EE_SIZE
                0x00000000                PROVIDE (CY_ECC_OFFSET, ecc_offset)

.text           0x00000000     0x112e
 CREATE_OBJECT_SYMBOLS
                0x00000000                PROVIDE (__cy_interrupt_vector, RomVectors)
 *(.romvectors)
 .romvectors    0x00000000       0x10 .\CortexM3\ARM_GCC_493\Debug\Cm3Start.o
                0x00000000                RomVectors
                0x00000001                ASSERT ((. != __cy_interrupt_vector), No interrupt vector)
                0x00000001                ASSERT (CY_APPL_ORIGIN?(SIZEOF (.cybootloader) <= CY_APPL_ORIGIN):0x1, Wrong image location)
                0x00000010                PROVIDE (__cy_reset, Reset)
 *(.text.Reset)
 .text.Reset    0x00000010       0x18 .\CortexM3\ARM_GCC_493\Debug\Cm3Start.o
                0x00000010                Reset
                0x00000001                ASSERT ((. != __cy_reset), No reset code)
 *(.dma_init)
                0x00000001                ASSERT ((((appl_start + .) <= 0x10000) || 0x1), DMA Init must be within the first 64k of flash)
 *(.text .text.* .gnu.linkonce.t.*)
 .text          0x00000028       0x5c c:/program files (x86)/cypress/psoc creator/3.3/psoc creator/import/gnu/arm/4.9.3/bin/../lib/gcc/arm-none-eabi/4.9.3/armv7-m/crtbegin.o
 .text.isr_1_routine
                0x00000084       0x48 .\CortexM3\ARM_GCC_493\Debug\main.o
                0x00000084                isr_1_routine
 .text.DMA_FILT2RAM_Config
                0x000000cc       0x4c .\CortexM3\ARM_GCC_493\Debug\main.o
                0x000000cc                DMA_FILT2RAM_Config
 .text.DMA_ADC2FILT_Config
                0x00000118       0x44 .\CortexM3\ARM_GCC_493\Debug\main.o
                0x00000118                DMA_ADC2FILT_Config
 .text.main     0x0000015c       0x68 .\CortexM3\ARM_GCC_493\Debug\main.o
                0x0000015c                main
 .text.IntDefaultHandler
                0x000001c4        0x4 .\CortexM3\ARM_GCC_493\Debug\Cm3Start.o
                0x000001c4                IntDefaultHandler
 .text.Start_c  0x000001c8       0x4c .\CortexM3\ARM_GCC_493\Debug\Cm3Start.o
                0x000001c8                Start_c
 .text.initialize_psoc
                0x00000214       0x78 .\CortexM3\ARM_GCC_493\Debug\Cm3Start.o
                0x00000214                initialize_psoc
 .text.CyClockStartupError
                0x0000028c        0x4 .\CortexM3\ARM_GCC_493\Debug\Design01.a(cyfitter_cfg.o)
 .text.cfg_write_bytes32
                0x00000290       0x34 .\CortexM3\ARM_GCC_493\Debug\Design01.a(cyfitter_cfg.o)
 .text.CYMEMZERO
                0x000002c4        0xc .\CortexM3\ARM_GCC_493\Debug\Design01.a(cyfitter_cfg.o)
 .text.ClockSetup
                0x000002d0       0xb8 .\CortexM3\ARM_GCC_493\Debug\Design01.a(cyfitter_cfg.o)
 .text.AnalogSetDefault
                0x00000388       0xe4 .\CortexM3\ARM_GCC_493\Debug\Design01.a(cyfitter_cfg.o)
 .text.CYCONFIGCPY
                0x0000046c        0x8 .\CortexM3\ARM_GCC_493\Debug\Design01.a(cyfitter_cfg.o)
 .text.cyfitter_cfg
                0x00000474      0x174 .\CortexM3\ARM_GCC_493\Debug\Design01.a(cyfitter_cfg.o)
                0x00000474                cyfitter_cfg
 .text.ADC_SAR_1_CalcGain
                0x000005e8       0x68 .\CortexM3\ARM_GCC_493\Debug\Design01.a(ADC_SAR_1.o)
 .text.ADC_SAR_1_Enable
                0x00000650       0x94 .\CortexM3\ARM_GCC_493\Debug\Design01.a(ADC_SAR_1.o)
                0x00000650                ADC_SAR_1_Enable
 .text.ADC_SAR_1_SetResolution
                0x000006e4       0x38 .\CortexM3\ARM_GCC_493\Debug\Design01.a(ADC_SAR_1.o)
                0x000006e4                ADC_SAR_1_SetResolution
 .text.ADC_SAR_1_Init
                0x0000071c       0x3c .\CortexM3\ARM_GCC_493\Debug\Design01.a(ADC_SAR_1.o)
                0x0000071c                ADC_SAR_1_Init
 .text.ADC_SAR_1_Start
                0x00000758       0x1c .\CortexM3\ARM_GCC_493\Debug\Design01.a(ADC_SAR_1.o)
                0x00000758                ADC_SAR_1_Start
 .text.ADC_SAR_1_StartConvert
                0x00000774       0x10 .\CortexM3\ARM_GCC_493\Debug\Design01.a(ADC_SAR_1.o)
                0x00000774                ADC_SAR_1_StartConvert
 .text.ADC_SAR_1_IsEndConversion
                0x00000784       0x24 .\CortexM3\ARM_GCC_493\Debug\Design01.a(ADC_SAR_1.o)
                0x00000784                ADC_SAR_1_IsEndConversion
 .text.ADC_SAR_1_ISR
                0x000007a8        0x4 .\CortexM3\ARM_GCC_493\Debug\Design01.a(ADC_SAR_1_INT.o)
                0x000007a8                ADC_SAR_1_ISR
 .text.I2C_Init
                0x000007ac       0x70 .\CortexM3\ARM_GCC_493\Debug\Design01.a(I2C.o)
                0x000007ac                I2C_Init
 .text.I2C_Enable
                0x0000081c       0x30 .\CortexM3\ARM_GCC_493\Debug\Design01.a(I2C.o)
                0x0000081c                I2C_Enable
 .text.I2C_Start
                0x0000084c       0x1c .\CortexM3\ARM_GCC_493\Debug\Design01.a(I2C.o)
                0x0000084c                I2C_Start
 .text.I2C_SetBuffer1
                0x00000868       0x50 .\CortexM3\ARM_GCC_493\Debug\Design01.a(I2C.o)
                0x00000868                I2C_SetBuffer1
 .text.I2C_ISR  0x000008b8      0x1c4 .\CortexM3\ARM_GCC_493\Debug\Design01.a(I2C_INT.o)
                0x000008b8                I2C_ISR
 .text.ADC_SAR_1_theACLK_SetModeRegister
                0x00000a7c       0x14 .\CortexM3\ARM_GCC_493\Debug\Design01.a(ADC_SAR_1_theACLK.o)
                0x00000a7c                ADC_SAR_1_theACLK_SetModeRegister
 .text          0x00000a90       0x20 .\CortexM3\ARM_GCC_493\Debug\Design01.a(CyBootAsmGnu.o)
                0x00000a90                CyDelayCycles
                0x00000aa0                CyEnterCriticalSection
                0x00000aa8                CyExitCriticalSection
 .text.CyDmacConfigure
                0x00000ab0       0x34 .\CortexM3\ARM_GCC_493\Debug\Design01.a(CyDmac.o)
                0x00000ab0                CyDmacConfigure
 .text.CyDmaChEnable
                0x00000ae4       0x38 .\CortexM3\ARM_GCC_493\Debug\Design01.a(CyDmac.o)
                0x00000ae4                CyDmaChEnable
 .text.CyDmaChPriority
                0x00000b1c       0x24 .\CortexM3\ARM_GCC_493\Debug\Design01.a(CyDmac.o)
                0x00000b1c                CyDmaChPriority
 .text.CyDmaChSetExtendedAddress
                0x00000b40       0x34 .\CortexM3\ARM_GCC_493\Debug\Design01.a(CyDmac.o)
                0x00000b40                CyDmaChSetExtendedAddress
 .text.CyDmaChSetInitialTd
                0x00000b74       0x18 .\CortexM3\ARM_GCC_493\Debug\Design01.a(CyDmac.o)
                0x00000b74                CyDmaChSetInitialTd
 .text.CyDmaChSetConfiguration
                0x00000b8c       0x48 .\CortexM3\ARM_GCC_493\Debug\Design01.a(CyDmac.o)
                0x00000b8c                CyDmaChSetConfiguration
 .text.CyDmaTdAllocate
                0x00000bd4       0x34 .\CortexM3\ARM_GCC_493\Debug\Design01.a(CyDmac.o)
                0x00000bd4                CyDmaTdAllocate
 .text.CyDmaTdSetConfiguration
                0x00000c08       0x28 .\CortexM3\ARM_GCC_493\Debug\Design01.a(CyDmac.o)
                0x00000c08                CyDmaTdSetConfiguration
 .text.CyDmaTdSetAddress
                0x00000c30       0x1c .\CortexM3\ARM_GCC_493\Debug\Design01.a(CyDmac.o)
                0x00000c30                CyDmaTdSetAddress
 .text.CyHalt   0x00000c4c        0x4 .\CortexM3\ARM_GCC_493\Debug\Design01.a(CyLib.o)
                0x00000c4c                CyHalt
 .text.CyDelayUs
                0x00000c50       0x14 .\CortexM3\ARM_GCC_493\Debug\Design01.a(CyLib.o)
                0x00000c50                CyDelayUs
 .text.CyIntSetVector
                0x00000c64       0x28 .\CortexM3\ARM_GCC_493\Debug\Design01.a(CyLib.o)
                0x00000c64                CyIntSetVector
 .text.CyIntSetPriority
                0x00000c8c       0x30 .\CortexM3\ARM_GCC_493\Debug\Design01.a(CyLib.o)
                0x00000c8c                CyIntSetPriority
 .text.Pin_Status_1_Write
                0x00000cbc       0x18 .\CortexM3\ARM_GCC_493\Debug\Design01.a(Pin_Status_1.o)
                0x00000cbc                Pin_Status_1_Write
 .text.Pin_Status_1_Read
                0x00000cd4       0x10 .\CortexM3\ARM_GCC_493\Debug\Design01.a(Pin_Status_1.o)
                0x00000cd4                Pin_Status_1_Read
 .text.DMA_FILT2RAM_DmaInitialize
                0x00000ce4       0x40 .\CortexM3\ARM_GCC_493\Debug\Design01.a(DMA_FILT2RAM_dma.o)
                0x00000ce4                DMA_FILT2RAM_DmaInitialize
 .text.DMA_ADC2FILT_DmaInitialize
                0x00000d24       0x3c .\CortexM3\ARM_GCC_493\Debug\Design01.a(DMA_ADC2FILT_dma.o)
                0x00000d24                DMA_ADC2FILT_DmaInitialize
 .text.ISR_DMA_FILT2RAM_SetVector
                0x00000d60        0xc .\CortexM3\ARM_GCC_493\Debug\Design01.a(ISR_DMA_FILT2RAM.o)
                0x00000d60                ISR_DMA_FILT2RAM_SetVector
 .text.ISR_DMA_FILT2RAM_SetPriority
                0x00000d6c       0x10 .\CortexM3\ARM_GCC_493\Debug\Design01.a(ISR_DMA_FILT2RAM.o)
                0x00000d6c                ISR_DMA_FILT2RAM_SetPriority
 .text.ISR_DMA_FILT2RAM_Enable
                0x00000d7c        0xc .\CortexM3\ARM_GCC_493\Debug\Design01.a(ISR_DMA_FILT2RAM.o)
                0x00000d7c                ISR_DMA_FILT2RAM_Enable
 .text.ISR_DMA_FILT2RAM_Disable
                0x00000d88        0xc .\CortexM3\ARM_GCC_493\Debug\Design01.a(ISR_DMA_FILT2RAM.o)
                0x00000d88                ISR_DMA_FILT2RAM_Disable
 .text.ISR_DMA_FILT2RAM_StartEx
                0x00000d94       0x1c .\CortexM3\ARM_GCC_493\Debug\Design01.a(ISR_DMA_FILT2RAM.o)
                0x00000d94                ISR_DMA_FILT2RAM_StartEx
 .text.Filter_Init
                0x00000db0       0xcc .\CortexM3\ARM_GCC_493\Debug\Design01.a(Filter.o)
                0x00000db0                Filter_Init
 .text.Filter_Enable
                0x00000e7c       0x28 .\CortexM3\ARM_GCC_493\Debug\Design01.a(Filter.o)
                0x00000e7c                Filter_Enable
 .text.Filter_Start
                0x00000ea4       0x1c .\CortexM3\ARM_GCC_493\Debug\Design01.a(Filter.o)
                0x00000ea4                Filter_Start
 .text.Filter_SetCoherencyEx
                0x00000ec0       0x24 .\CortexM3\ARM_GCC_493\Debug\Design01.a(Filter.o)
                0x00000ec0                Filter_SetCoherencyEx
 .text.Filter_SetDalign
                0x00000ee4       0x20 .\CortexM3\ARM_GCC_493\Debug\Design01.a(Filter.o)
                0x00000ee4                Filter_SetDalign
 .text.Filter_SetInterruptMode
                0x00000f04       0x10 .\CortexM3\ARM_GCC_493\Debug\Design01.a(Filter_PVT.o)
                0x00000f04                Filter_SetInterruptMode
 .text.Filter_SetDMAMode
                0x00000f14       0x10 .\CortexM3\ARM_GCC_493\Debug\Design01.a(Filter_PVT.o)
                0x00000f14                Filter_SetDMAMode
 .text.VDACL_Enable
                0x00000f24       0x1c .\CortexM3\ARM_GCC_493\Debug\Design01.a(VDACL.o)
                0x00000f24                VDACL_Enable
 .text.VDACL_SetSpeed
                0x00000f40       0x1c .\CortexM3\ARM_GCC_493\Debug\Design01.a(VDACL.o)
                0x00000f40                VDACL_SetSpeed
 .text.VDACL_SetValue
                0x00000f5c        0xc .\CortexM3\ARM_GCC_493\Debug\Design01.a(VDACL.o)
                0x00000f5c                VDACL_SetValue
 .text.VDACL_DacTrim
                0x00000f68       0x24 .\CortexM3\ARM_GCC_493\Debug\Design01.a(VDACL.o)
                0x00000f68                VDACL_DacTrim
 .text.VDACL_SetRange
                0x00000f8c       0x20 .\CortexM3\ARM_GCC_493\Debug\Design01.a(VDACL.o)
                0x00000f8c                VDACL_SetRange
 .text.VDACL_Init
                0x00000fac       0x20 .\CortexM3\ARM_GCC_493\Debug\Design01.a(VDACL.o)
                0x00000fac                VDACL_Init
 .text.VDACL_Start
                0x00000fcc       0x24 .\CortexM3\ARM_GCC_493\Debug\Design01.a(VDACL.o)
                0x00000fcc                VDACL_Start
 .text.VDACH_Enable
                0x00000ff0       0x1c .\CortexM3\ARM_GCC_493\Debug\Design01.a(VDACH.o)
                0x00000ff0                VDACH_Enable
 .text.VDACH_SetSpeed
                0x0000100c       0x1c .\CortexM3\ARM_GCC_493\Debug\Design01.a(VDACH.o)
                0x0000100c                VDACH_SetSpeed
 .text.VDACH_SetValue
                0x00001028        0xc .\CortexM3\ARM_GCC_493\Debug\Design01.a(VDACH.o)
                0x00001028                VDACH_SetValue
 .text.VDACH_DacTrim
                0x00001034       0x24 .\CortexM3\ARM_GCC_493\Debug\Design01.a(VDACH.o)
                0x00001034                VDACH_DacTrim
 .text.VDACH_SetRange
                0x00001058       0x20 .\CortexM3\ARM_GCC_493\Debug\Design01.a(VDACH.o)
                0x00001058                VDACH_SetRange
 .text.VDACH_Init
                0x00001078       0x20 .\CortexM3\ARM_GCC_493\Debug\Design01.a(VDACH.o)
                0x00001078                VDACH_Init
 .text.VDACH_Start
                0x00001098       0x24 .\CortexM3\ARM_GCC_493\Debug\Design01.a(VDACH.o)
                0x00001098                VDACH_Start
 .text.__libc_init_array
                0x000010bc       0x4c c:/program files (x86)/cypress/psoc creator/3.3/psoc creator/import/gnu/arm/4.9.3/bin/../lib/gcc/arm-none-eabi/4.9.3/../../../../arm-none-eabi/lib/armv7-m\libg_nano.a(lib_a-init.o)
                0x000010bc                __libc_init_array
 .text.memcpy   0x00001108       0x16 c:/program files (x86)/cypress/psoc creator/3.3/psoc creator/import/gnu/arm/4.9.3/bin/../lib/gcc/arm-none-eabi/4.9.3/../../../../arm-none-eabi/lib/armv7-m\libg_nano.a(lib_a-memcpy.o)
                0x00001108                memcpy
 .text.memset   0x0000111e       0x10 c:/program files (x86)/cypress/psoc creator/3.3/psoc creator/import/gnu/arm/4.9.3/bin/../lib/gcc/arm-none-eabi/4.9.3/../../../../arm-none-eabi/lib/armv7-m\libg_nano.a(lib_a-memset.o)
                0x0000111e                memset
 *(.plt)
 *(.gnu.warning)
 *(.glue_7t)
 .glue_7t       0x00000000        0x0 linker stubs
 *(.glue_7)
 .glue_7        0x00000000        0x0 linker stubs
 *(.vfp11_veneer)
 .vfp11_veneer  0x00000000        0x0 linker stubs
 *(.bootloader)
 *(.ARM.extab* .gnu.linkonce.armextab.*)
 *(.gcc_except_table)

.v4_bx          0x00001130        0x0
 .v4_bx         0x00000000        0x0 linker stubs

.iplt           0x00001130        0x0
 .iplt          0x00000000        0x0 c:/program files (x86)/cypress/psoc creator/3.3/psoc creator/import/gnu/arm/4.9.3/bin/../lib/gcc/arm-none-eabi/4.9.3/armv7-m/crtbegin.o

.eh_frame_hdr
 *(.eh_frame_hdr)

.eh_frame       0x00001130        0x4
 *(.eh_frame)
 .eh_frame      0x00001130        0x0 c:/program files (x86)/cypress/psoc creator/3.3/psoc creator/import/gnu/arm/4.9.3/bin/../lib/gcc/arm-none-eabi/4.9.3/armv7-m/crtbegin.o
 .eh_frame      0x00001130        0x4 c:/program files (x86)/cypress/psoc creator/3.3/psoc creator/import/gnu/arm/4.9.3/bin/../lib/gcc/arm-none-eabi/4.9.3/armv7-m/crtend.o
                0x00001134                PROVIDE (__exidx_start, .)

.ARM.exidx
 *(.ARM.exidx* .gnu.linkonce.armexidx.*)
                0x00001134                __exidx_end = .

.rodata         0x00001134      0x6a4
 *(.rodata .rodata.* .gnu.linkonce.r.*)
 .rodata        0x00001134       0x30 .\CortexM3\ARM_GCC_493\Debug\Design01.a(cyfitter_cfg.o)
 .rodata        0x00001164      0x640 .\CortexM3\ARM_GCC_493\Debug\Design01.a(Filter_RAM_Data.o)
                0x00001164                Filter_cfsm
                0x00001264                Filter_acu
                0x000012a4                Filter_data_b
                0x000014a4                Filter_data_a
                0x000016a4                Filter_control
                0x000017a4                . = ALIGN (0x4)
 *(.init)
 .init          0x000017a4        0x4 c:/program files (x86)/cypress/psoc creator/3.3/psoc creator/import/gnu/arm/4.9.3/bin/../lib/gcc/arm-none-eabi/4.9.3/armv7-m/crti.o
                0x000017a4                _init
 .init          0x000017a8        0x8 c:/program files (x86)/cypress/psoc creator/3.3/psoc creator/import/gnu/arm/4.9.3/bin/../lib/gcc/arm-none-eabi/4.9.3/armv7-m/crtn.o
                0x000017b0                . = ALIGN (0x4)
                0x000017b0                __preinit_array_start = .
 *(.preinit_array)
                0x000017b0                __preinit_array_end = .
                0x000017b0                . = ALIGN (0x4)
                0x000017b0                __init_array_start = .
 *(SORT(.init_array.*))
 *(.init_array)
 .init_array    0x000017b0        0x4 c:/program files (x86)/cypress/psoc creator/3.3/psoc creator/import/gnu/arm/4.9.3/bin/../lib/gcc/arm-none-eabi/4.9.3/armv7-m/crtbegin.o
 .init_array    0x000017b4        0x4 .\CortexM3\ARM_GCC_493\Debug\Cm3Start.o
                0x000017b8                __init_array_end = .
                0x000017b8                . = ALIGN (0x4)
 *(.fini)
 .fini          0x000017b8        0x4 c:/program files (x86)/cypress/psoc creator/3.3/psoc creator/import/gnu/arm/4.9.3/bin/../lib/gcc/arm-none-eabi/4.9.3/armv7-m/crti.o
                0x000017b8                _fini
 .fini          0x000017bc        0x8 c:/program files (x86)/cypress/psoc creator/3.3/psoc creator/import/gnu/arm/4.9.3/bin/../lib/gcc/arm-none-eabi/4.9.3/armv7-m/crtn.o
                0x000017c4                . = ALIGN (0x4)
                0x000017c4                __fini_array_start = .
 *(.fini_array)
 .fini_array    0x000017c4        0x4 c:/program files (x86)/cypress/psoc creator/3.3/psoc creator/import/gnu/arm/4.9.3/bin/../lib/gcc/arm-none-eabi/4.9.3/armv7-m/crtbegin.o
 *(SORT(.fini_array.*))
                0x000017c8                __fini_array_end = .
                0x000017c8                . = ALIGN (0x4)
 *crtbegin.o(.ctors)
 *(EXCLUDE_FILE(*crtend.o) .ctors)
 *(SORT(.ctors.*))
 *crtend.o(.ctors)
                0x000017c8                . = ALIGN (0x4)
 *crtbegin.o(.dtors)
 *(EXCLUDE_FILE(*crtend.o) .dtors)
 *(SORT(.dtors.*))
 *crtend.o(.dtors)
                0x000017c8                . = ALIGN (0x4)
                0x000017c8                __cy_regions = .
                0x000017c8        0x4 LONG 0x17d8 __cy_region_init_ram
                0x000017cc        0x4 LONG 0x1fff8108 __cy_region_start_data
                0x000017d0        0x4 LONG 0x20 __cy_region_init_size_ram
                0x000017d4        0x4 LONG 0x250 __cy_region_zero_size_ram
                0x000017d8                __cy_regions_end = .
                0x000017d8                . = ALIGN (0x8)
                0x000017d8                _etext = .

.cy_checksum_exclude
                0x000017d8        0x0
 *(.cy_checksum_exclude)

.ramvectors     0x1fff8000      0x100
                0x1fff8000                __cy_region_start_ram = .
 *(.ramvectors)
 .ramvectors    0x1fff8000      0x100 .\CortexM3\ARM_GCC_493\Debug\Cm3Start.o
                0x1fff8000                CyRamVectors

.noinit         0x1fff8100        0x5
 *(.noinit)
 .noinit        0x1fff8100        0x4 .\CortexM3\ARM_GCC_493\Debug\Cm3Start.o
 .noinit        0x1fff8104        0x1 .\CortexM3\ARM_GCC_493\Debug\Design01.a(CyLib.o)
                0x1fff8104                CyResetStatus

.data           0x1fff8108       0x20 load address 0x000017d8
                0x1fff8108                __cy_region_start_data = .
 *(.jcr)
 .jcr           0x1fff8108        0x0 c:/program files (x86)/cypress/psoc creator/3.3/psoc creator/import/gnu/arm/4.9.3/bin/../lib/gcc/arm-none-eabi/4.9.3/armv7-m/crtbegin.o
 .jcr           0x1fff8108        0x4 c:/program files (x86)/cypress/psoc creator/3.3/psoc creator/import/gnu/arm/4.9.3/bin/../lib/gcc/arm-none-eabi/4.9.3/armv7-m/crtend.o
 *(.got.plt)
 *(.got)
 *(.shdata)
 *(.data .data.* .gnu.linkonce.d.*)
 .data          0x1fff810c        0x8 .\CortexM3\ARM_GCC_493\Debug\Design01.a(CyDmac.o)
 .data          0x1fff8114       0x10 .\CortexM3\ARM_GCC_493\Debug\Design01.a(CyLib.o)
                0x1fff8114                cydelay_32k_ms
                0x1fff8118                cydelay_freq_khz
                0x1fff811c                cydelay_freq_mhz
                0x1fff8120                cydelay_freq_hz
 .data          0x1fff8124        0x1 .\CortexM3\ARM_GCC_493\Debug\Design01.a(DMA_FILT2RAM_dma.o)
                0x1fff8124                DMA_FILT2RAM_DmaHandle
 .data          0x1fff8125        0x1 .\CortexM3\ARM_GCC_493\Debug\Design01.a(DMA_ADC2FILT_dma.o)
                0x1fff8125                DMA_ADC2FILT_DmaHandle
                0x1fff8128                . = ALIGN (0x8)
 *fill*         0x1fff8126        0x2 
 *(.ram)
                0x1fff8128                _edata = .

.igot.plt       0x1fff8128        0x0 load address 0x000017f8
 .igot.plt      0x00000000        0x0 c:/program files (x86)/cypress/psoc creator/3.3/psoc creator/import/gnu/arm/4.9.3/bin/../lib/gcc/arm-none-eabi/4.9.3/armv7-m/crtbegin.o

.bss            0x1fff8128      0x250 load address 0x000017f8
                0x1fff8128                PROVIDE (__bss_start__, .)
 *(.shbss)
 *(.bss .bss.* .gnu.linkonce.b.*)
 .bss           0x1fff8128       0x1c c:/program files (x86)/cypress/psoc creator/3.3/psoc creator/import/gnu/arm/4.9.3/bin/../lib/gcc/arm-none-eabi/4.9.3/armv7-m/crtbegin.o
 .bss           0x1fff8144        0xc .\CortexM3\ARM_GCC_493\Debug\main.o
                0x1fff8144                i2cbuf
                0x1fff8148                adcmem
 .bss           0x1fff8150        0x1 .\CortexM3\ARM_GCC_493\Debug\Design01.a(ADC_SAR_1.o)
                0x1fff8150                ADC_SAR_1_initVar
 .bss           0x1fff8151        0x1 .\CortexM3\ARM_GCC_493\Debug\Design01.a(I2C.o)
                0x1fff8151                I2C_initVar
 .bss           0x1fff8152        0x2 .\CortexM3\ARM_GCC_493\Debug\Design01.a(I2C_INT.o)
 .bss           0x1fff8154        0x1 .\CortexM3\ARM_GCC_493\Debug\Design01.a(Filter.o)
                0x1fff8154                Filter_initVar
 .bss           0x1fff8155        0x1 .\CortexM3\ARM_GCC_493\Debug\Design01.a(VDACL.o)
                0x1fff8155                VDACL_initVar
 .bss           0x1fff8156        0x1 .\CortexM3\ARM_GCC_493\Debug\Design01.a(VDACH.o)
                0x1fff8156                VDACH_initVar
 *(COMMON)
 *fill*         0x1fff8157        0x1 
 COMMON         0x1fff8158      0x200 .\CortexM3\ARM_GCC_493\Debug\main.o
                0x1fff8158                buffer
 COMMON         0x1fff8358        0xa .\CortexM3\ARM_GCC_493\Debug\Design01.a(ADC_SAR_1.o)
                0x1fff8358                ADC_SAR_1_countsPerVolt
                0x1fff835a                ADC_SAR_1_shift
                0x1fff835c                ADC_SAR_1_countsPer10Volt
                0x1fff8360                ADC_SAR_1_offset
 *fill*         0x1fff8362        0x2 
 COMMON         0x1fff8364        0xf .\CortexM3\ARM_GCC_493\Debug\Design01.a(I2C.o)
                0x1fff8364                I2C_curStatus
                0x1fff8368                I2C_dataPtrS1
                0x1fff836c                I2C_wrProtectS1
                0x1fff836e                I2C_bufSizeS1
                0x1fff8370                I2C_curState
                0x1fff8371                I2C_rwOffsetS1
                0x1fff8372                I2C_rwIndexS1
                0x1fff8378                . = ALIGN (0x8)
 *fill*         0x1fff8373        0x5 
 *(.ram.b)
                0x1fff8378                _end = .
                0x1fff8378                __end = .
                0x1fff8378                PROVIDE (end, .)
                0x1fff8378                PROVIDE (__bss_end__, .)
                0x000017d8                __cy_region_init_ram = LOADADDR (.data)
                0x00000020                __cy_region_init_size_ram = (_edata - ADDR (.data))
                0x00000250                __cy_region_zero_size_ram = (_end - _edata)

.heap           0x1fff8378       0x80 load address 0x000017f8
                0x1fff8378                . = _end
                0x1fff83f8                . = (. + 0x80)
 *fill*         0x1fff8378       0x80 
                0x1fff83f8                __cy_heap_limit = .

.stack          0x20007800      0x800
                0x20007800                __cy_stack_limit = .
                0x20008000                . = (. + 0x800)
 *fill*         0x20007800      0x800 
                0x00000001                ASSERT ((__cy_stack_limit >= __cy_heap_limit), region RAM overflowed with stack)
                0x00000000                cy_checksum_exclude_size = (CY_APPL_LOADABLE == 0x1)?SIZEOF (.cy_checksum_exclude):0x0
                0x00000001                ASSERT ((cy_checksum_exclude_size <= CY_CHECKSUM_EXCLUDE_SIZE), CY_BOOT: Section .cy_checksum_exclude size exceedes specified limit.)

.cyloadermeta
 *(.cyloadermeta)

.cyloadablemeta
 *(.cyloadablemeta)

.cyconfigecc    0x80000000      0x198
 *(.cyconfigecc)
 .cyconfigecc   0x80000000      0x198 .\CortexM3\ARM_GCC_493\Debug\cymetadata.o
                0x80000000                cy_meta_configecc

.cycustnvl      0x90000000        0x4
 *(.cycustnvl)
 .cycustnvl     0x90000000        0x4 .\CortexM3\ARM_GCC_493\Debug\cymetadata.o
                0x90000000                cy_meta_custnvl

.cywolatch      0x90100000        0x4
 *(.cywolatch)
 .cywolatch     0x90100000        0x4 .\CortexM3\ARM_GCC_493\Debug\cymetadata.o
                0x90100000                cy_meta_wonvl

.cyeeprom       0x90200000        0x0
 *(.cyeeprom)
                0x00000001                ASSERT ((. <= ((0x90200000 + ee_offset) + ee_size)), .cyeeprom data will not fit in EEPROM)

.cyflashprotect
                0x90400000      0x100
 *(.cyflashprotect)
 .cyflashprotect
                0x90400000      0x100 .\CortexM3\ARM_GCC_493\Debug\cymetadata.o
                0x90400000                cy_meta_flashprotect

.cymeta         0x90500000        0xc
 *(.cymeta)
 .cymeta        0x90500000        0xc .\CortexM3\ARM_GCC_493\Debug\cymetadata.o
                0x90500000                cy_metadata

.rel.dyn        0x000017f8        0x0 load address 0x9050000c
 .rel.iplt      0x00000000        0x0 c:/program files (x86)/cypress/psoc creator/3.3/psoc creator/import/gnu/arm/4.9.3/bin/../lib/gcc/arm-none-eabi/4.9.3/armv7-m/crtbegin.o

.stab
 *(.stab)

.stabstr
 *(.stabstr)

.debug
 *(.debug)

.line
 *(.line)

.debug_srcinfo
 *(.debug_srcinfo)

.debug_sfnames
 *(.debug_sfnames)

.debug_aranges  0x00000000      0xb00
 *(.debug_aranges)
 .debug_aranges
                0x00000000       0x50 .\CortexM3\ARM_GCC_493\Debug\main.o
 .debug_aranges
                0x00000050       0x18 .\CortexM3\ARM_GCC_493\Debug\cymetadata.o
 .debug_aranges
                0x00000068       0x48 .\CortexM3\ARM_GCC_493\Debug\Cm3Start.o
 .debug_aranges
                0x000000b0       0x58 .\CortexM3\ARM_GCC_493\Debug\Design01.a(cyfitter_cfg.o)
 .debug_aranges
                0x00000108       0xa8 .\CortexM3\ARM_GCC_493\Debug\Design01.a(ADC_SAR_1.o)
 .debug_aranges
                0x000001b0       0x20 .\CortexM3\ARM_GCC_493\Debug\Design01.a(ADC_SAR_1_INT.o)
 .debug_aranges
                0x000001d0       0x58 .\CortexM3\ARM_GCC_493\Debug\Design01.a(I2C.o)
 .debug_aranges
                0x00000228       0x38 .\CortexM3\ARM_GCC_493\Debug\Design01.a(I2C_PM.o)
 .debug_aranges
                0x00000260       0x20 .\CortexM3\ARM_GCC_493\Debug\Design01.a(I2C_INT.o)
 .debug_aranges
                0x00000280       0x70 .\CortexM3\ARM_GCC_493\Debug\Design01.a(ADC_SAR_1_theACLK.o)
 .debug_aranges
                0x000002f0       0x20 .\CortexM3\ARM_GCC_493\Debug\Design01.a(CyBootAsmGnu.o)
 .debug_aranges
                0x00000310       0xd8 .\CortexM3\ARM_GCC_493\Debug\Design01.a(CyDmac.o)
 .debug_aranges
                0x000003e8      0x298 .\CortexM3\ARM_GCC_493\Debug\Design01.a(CyLib.o)
 .debug_aranges
                0x00000680       0x98 .\CortexM3\ARM_GCC_493\Debug\Design01.a(cyPm.o)
 .debug_aranges
                0x00000718       0x38 .\CortexM3\ARM_GCC_493\Debug\Design01.a(Pin_Status_1.o)
 .debug_aranges
                0x00000750       0x28 .\CortexM3\ARM_GCC_493\Debug\Design01.a(DMA_FILT2RAM_dma.o)
 .debug_aranges
                0x00000778       0x28 .\CortexM3\ARM_GCC_493\Debug\Design01.a(DMA_ADC2FILT_dma.o)
 .debug_aranges
                0x000007a0       0x80 .\CortexM3\ARM_GCC_493\Debug\Design01.a(ISR_DMA_FILT2RAM.o)
 .debug_aranges
                0x00000820       0x80 .\CortexM3\ARM_GCC_493\Debug\Design01.a(Filter.o)
 .debug_aranges
                0x000008a0       0x28 .\CortexM3\ARM_GCC_493\Debug\Design01.a(Filter_PVT.o)
 .debug_aranges
                0x000008c8       0x18 .\CortexM3\ARM_GCC_493\Debug\Design01.a(Filter_RAM_Data.o)
 .debug_aranges
                0x000008e0       0x28 .\CortexM3\ARM_GCC_493\Debug\Design01.a(DMA_ADC2RAM_dma.o)
 .debug_aranges
                0x00000908       0x28 .\CortexM3\ARM_GCC_493\Debug\Design01.a(DMA_RAM2DAC_dma.o)
 .debug_aranges
                0x00000930       0x58 .\CortexM3\ARM_GCC_493\Debug\Design01.a(VDACL.o)
 .debug_aranges
                0x00000988       0x58 .\CortexM3\ARM_GCC_493\Debug\Design01.a(VDACH.o)
 .debug_aranges
                0x000009e0       0x28 .\CortexM3\ARM_GCC_493\Debug\Design01.a(DMA_RAM2FILT_dma.o)
 .debug_aranges
                0x00000a08       0x80 .\CortexM3\ARM_GCC_493\Debug\Design01.a(CyFlash.o)
 .debug_aranges
                0x00000a88       0x78 .\CortexM3\ARM_GCC_493\Debug\Design01.a(CySpc.o)

.debug_pubnames
 *(.debug_pubnames)

.debug_info     0x00000000     0x6f79
 *(.debug_info .gnu.linkonce.wi.*)
 .debug_info    0x00000000      0x94f .\CortexM3\ARM_GCC_493\Debug\main.o
 .debug_info    0x0000094f      0x13b .\CortexM3\ARM_GCC_493\Debug\cymetadata.o
 .debug_info    0x00000a8a      0x3af .\CortexM3\ARM_GCC_493\Debug\Cm3Start.o
 .debug_info    0x00000e39      0x629 .\CortexM3\ARM_GCC_493\Debug\Design01.a(cyfitter_cfg.o)
 .debug_info    0x00001462      0x608 .\CortexM3\ARM_GCC_493\Debug\Design01.a(ADC_SAR_1.o)
 .debug_info    0x00001a6a       0x92 .\CortexM3\ARM_GCC_493\Debug\Design01.a(ADC_SAR_1_INT.o)
 .debug_info    0x00001afc      0x3c8 .\CortexM3\ARM_GCC_493\Debug\Design01.a(I2C.o)
 .debug_info    0x00001ec4      0x1ed .\CortexM3\ARM_GCC_493\Debug\Design01.a(I2C_PM.o)
 .debug_info    0x000020b1      0x141 .\CortexM3\ARM_GCC_493\Debug\Design01.a(I2C_INT.o)
 .debug_info    0x000021f2      0x283 .\CortexM3\ARM_GCC_493\Debug\Design01.a(ADC_SAR_1_theACLK.o)
 .debug_info    0x00002475       0x8f .\CortexM3\ARM_GCC_493\Debug\Design01.a(CyBootAsmGnu.o)
 .debug_info    0x00002504      0x944 .\CortexM3\ARM_GCC_493\Debug\Design01.a(CyDmac.o)
 .debug_info    0x00002e48     0x136f .\CortexM3\ARM_GCC_493\Debug\Design01.a(CyLib.o)
 .debug_info    0x000041b7      0xa57 .\CortexM3\ARM_GCC_493\Debug\Design01.a(cyPm.o)
 .debug_info    0x00004c0e      0x11f .\CortexM3\ARM_GCC_493\Debug\Design01.a(Pin_Status_1.o)
 .debug_info    0x00004d2d      0x1fd .\CortexM3\ARM_GCC_493\Debug\Design01.a(DMA_FILT2RAM_dma.o)
 .debug_info    0x00004f2a      0x1fd .\CortexM3\ARM_GCC_493\Debug\Design01.a(DMA_ADC2FILT_dma.o)
 .debug_info    0x00005127      0x2cb .\CortexM3\ARM_GCC_493\Debug\Design01.a(ISR_DMA_FILT2RAM.o)
 .debug_info    0x000053f2      0x4cc .\CortexM3\ARM_GCC_493\Debug\Design01.a(Filter.o)
 .debug_info    0x000058be       0xeb .\CortexM3\ARM_GCC_493\Debug\Design01.a(Filter_PVT.o)
 .debug_info    0x000059a9      0x12b .\CortexM3\ARM_GCC_493\Debug\Design01.a(Filter_RAM_Data.o)
 .debug_info    0x00005ad4      0x1fd .\CortexM3\ARM_GCC_493\Debug\Design01.a(DMA_ADC2RAM_dma.o)
 .debug_info    0x00005cd1      0x1f9 .\CortexM3\ARM_GCC_493\Debug\Design01.a(DMA_RAM2DAC_dma.o)
 .debug_info    0x00005eca      0x1e0 .\CortexM3\ARM_GCC_493\Debug\Design01.a(VDACL.o)
 .debug_info    0x000060aa      0x1e0 .\CortexM3\ARM_GCC_493\Debug\Design01.a(VDACH.o)
 .debug_info    0x0000628a      0x1fd .\CortexM3\ARM_GCC_493\Debug\Design01.a(DMA_RAM2FILT_dma.o)
 .debug_info    0x00006487      0x608 .\CortexM3\ARM_GCC_493\Debug\Design01.a(CyFlash.o)
 .debug_info    0x00006a8f      0x4ea .\CortexM3\ARM_GCC_493\Debug\Design01.a(CySpc.o)

.debug_abbrev   0x00000000     0x2264
 *(.debug_abbrev)
 .debug_abbrev  0x00000000      0x1aa .\CortexM3\ARM_GCC_493\Debug\main.o
 .debug_abbrev  0x000001aa       0x66 .\CortexM3\ARM_GCC_493\Debug\cymetadata.o
 .debug_abbrev  0x00000210      0x200 .\CortexM3\ARM_GCC_493\Debug\Cm3Start.o
 .debug_abbrev  0x00000410      0x203 .\CortexM3\ARM_GCC_493\Debug\Design01.a(cyfitter_cfg.o)
 .debug_abbrev  0x00000613      0x1eb .\CortexM3\ARM_GCC_493\Debug\Design01.a(ADC_SAR_1.o)
 .debug_abbrev  0x000007fe       0x42 .\CortexM3\ARM_GCC_493\Debug\Design01.a(ADC_SAR_1_INT.o)
 .debug_abbrev  0x00000840      0x1d0 .\CortexM3\ARM_GCC_493\Debug\Design01.a(I2C.o)
 .debug_abbrev  0x00000a10      0x12b .\CortexM3\ARM_GCC_493\Debug\Design01.a(I2C_PM.o)
 .debug_abbrev  0x00000b3b       0x81 .\CortexM3\ARM_GCC_493\Debug\Design01.a(I2C_INT.o)
 .debug_abbrev  0x00000bbc      0x139 .\CortexM3\ARM_GCC_493\Debug\Design01.a(ADC_SAR_1_theACLK.o)
 .debug_abbrev  0x00000cf5       0x14 .\CortexM3\ARM_GCC_493\Debug\Design01.a(CyBootAsmGnu.o)
 .debug_abbrev  0x00000d09      0x1cc .\CortexM3\ARM_GCC_493\Debug\Design01.a(CyDmac.o)
 .debug_abbrev  0x00000ed5      0x296 .\CortexM3\ARM_GCC_493\Debug\Design01.a(CyLib.o)
 .debug_abbrev  0x0000116b      0x1ed .\CortexM3\ARM_GCC_493\Debug\Design01.a(cyPm.o)
 .debug_abbrev  0x00001358       0x90 .\CortexM3\ARM_GCC_493\Debug\Design01.a(Pin_Status_1.o)
 .debug_abbrev  0x000013e8       0xeb .\CortexM3\ARM_GCC_493\Debug\Design01.a(DMA_FILT2RAM_dma.o)
 .debug_abbrev  0x000014d3       0xeb .\CortexM3\ARM_GCC_493\Debug\Design01.a(DMA_ADC2FILT_dma.o)
 .debug_abbrev  0x000015be      0x173 .\CortexM3\ARM_GCC_493\Debug\Design01.a(ISR_DMA_FILT2RAM.o)
 .debug_abbrev  0x00001731      0x1f1 .\CortexM3\ARM_GCC_493\Debug\Design01.a(Filter.o)
 .debug_abbrev  0x00001922       0x7f .\CortexM3\ARM_GCC_493\Debug\Design01.a(Filter_PVT.o)
 .debug_abbrev  0x000019a1       0x66 .\CortexM3\ARM_GCC_493\Debug\Design01.a(Filter_RAM_Data.o)
 .debug_abbrev  0x00001a07       0xeb .\CortexM3\ARM_GCC_493\Debug\Design01.a(DMA_ADC2RAM_dma.o)
 .debug_abbrev  0x00001af2       0xeb .\CortexM3\ARM_GCC_493\Debug\Design01.a(DMA_RAM2DAC_dma.o)
 .debug_abbrev  0x00001bdd       0xf7 .\CortexM3\ARM_GCC_493\Debug\Design01.a(VDACL.o)
 .debug_abbrev  0x00001cd4       0xf7 .\CortexM3\ARM_GCC_493\Debug\Design01.a(VDACH.o)
 .debug_abbrev  0x00001dcb       0xeb .\CortexM3\ARM_GCC_493\Debug\Design01.a(DMA_RAM2FILT_dma.o)
 .debug_abbrev  0x00001eb6      0x1ed .\CortexM3\ARM_GCC_493\Debug\Design01.a(CyFlash.o)
 .debug_abbrev  0x000020a3      0x1c1 .\CortexM3\ARM_GCC_493\Debug\Design01.a(CySpc.o)

.debug_line     0x00000000     0x2a2f
 *(.debug_line)
 .debug_line    0x00000000      0x2e3 .\CortexM3\ARM_GCC_493\Debug\main.o
 .debug_line    0x000002e3       0x53 .\CortexM3\ARM_GCC_493\Debug\cymetadata.o
 .debug_line    0x00000336      0x254 .\CortexM3\ARM_GCC_493\Debug\Cm3Start.o
 .debug_line    0x0000058a      0x200 .\CortexM3\ARM_GCC_493\Debug\Design01.a(cyfitter_cfg.o)
 .debug_line    0x0000078a      0x223 .\CortexM3\ARM_GCC_493\Debug\Design01.a(ADC_SAR_1.o)
 .debug_line    0x000009ad       0x58 .\CortexM3\ARM_GCC_493\Debug\Design01.a(ADC_SAR_1_INT.o)
 .debug_line    0x00000a05      0x129 .\CortexM3\ARM_GCC_493\Debug\Design01.a(I2C.o)
 .debug_line    0x00000b2e       0xb8 .\CortexM3\ARM_GCC_493\Debug\Design01.a(I2C_PM.o)
 .debug_line    0x00000be6       0xaa .\CortexM3\ARM_GCC_493\Debug\Design01.a(I2C_INT.o)
 .debug_line    0x00000c90      0x199 .\CortexM3\ARM_GCC_493\Debug\Design01.a(ADC_SAR_1_theACLK.o)
 .debug_line    0x00000e29       0x68 .\CortexM3\ARM_GCC_493\Debug\Design01.a(CyBootAsmGnu.o)
 .debug_line    0x00000e91      0x2e5 .\CortexM3\ARM_GCC_493\Debug\Design01.a(CyDmac.o)
 .debug_line    0x00001176      0x806 .\CortexM3\ARM_GCC_493\Debug\Design01.a(CyLib.o)
 .debug_line    0x0000197c      0x366 .\CortexM3\ARM_GCC_493\Debug\Design01.a(cyPm.o)
 .debug_line    0x00001ce2       0x9b .\CortexM3\ARM_GCC_493\Debug\Design01.a(Pin_Status_1.o)
 .debug_line    0x00001d7d       0xa2 .\CortexM3\ARM_GCC_493\Debug\Design01.a(DMA_FILT2RAM_dma.o)
 .debug_line    0x00001e1f       0xa2 .\CortexM3\ARM_GCC_493\Debug\Design01.a(DMA_ADC2FILT_dma.o)
 .debug_line    0x00001ec1      0x156 .\CortexM3\ARM_GCC_493\Debug\Design01.a(ISR_DMA_FILT2RAM.o)
 .debug_line    0x00002017      0x174 .\CortexM3\ARM_GCC_493\Debug\Design01.a(Filter.o)
 .debug_line    0x0000218b       0x76 .\CortexM3\ARM_GCC_493\Debug\Design01.a(Filter_PVT.o)
 .debug_line    0x00002201       0x58 .\CortexM3\ARM_GCC_493\Debug\Design01.a(Filter_RAM_Data.o)
 .debug_line    0x00002259       0xa1 .\CortexM3\ARM_GCC_493\Debug\Design01.a(DMA_ADC2RAM_dma.o)
 .debug_line    0x000022fa       0xa1 .\CortexM3\ARM_GCC_493\Debug\Design01.a(DMA_RAM2DAC_dma.o)
 .debug_line    0x0000239b       0xe4 .\CortexM3\ARM_GCC_493\Debug\Design01.a(VDACL.o)
 .debug_line    0x0000247f       0xe4 .\CortexM3\ARM_GCC_493\Debug\Design01.a(VDACH.o)
 .debug_line    0x00002563       0xa2 .\CortexM3\ARM_GCC_493\Debug\Design01.a(DMA_RAM2FILT_dma.o)
 .debug_line    0x00002605      0x1ec .\CortexM3\ARM_GCC_493\Debug\Design01.a(CyFlash.o)
 .debug_line    0x000027f1      0x23e .\CortexM3\ARM_GCC_493\Debug\Design01.a(CySpc.o)

.debug_frame    0x00000000     0x1bcc
 *(.debug_frame)
 .debug_frame   0x00000000       0xf0 .\CortexM3\ARM_GCC_493\Debug\main.o
 .debug_frame   0x000000f0       0xac .\CortexM3\ARM_GCC_493\Debug\Cm3Start.o
 .debug_frame   0x0000019c       0xfc .\CortexM3\ARM_GCC_493\Debug\Design01.a(cyfitter_cfg.o)
 .debug_frame   0x00000298      0x1a8 .\CortexM3\ARM_GCC_493\Debug\Design01.a(ADC_SAR_1.o)
 .debug_frame   0x00000440       0x20 .\CortexM3\ARM_GCC_493\Debug\Design01.a(ADC_SAR_1_INT.o)
 .debug_frame   0x00000460       0xdc .\CortexM3\ARM_GCC_493\Debug\Design01.a(I2C.o)
 .debug_frame   0x0000053c       0x74 .\CortexM3\ARM_GCC_493\Debug\Design01.a(I2C_PM.o)
 .debug_frame   0x000005b0       0x20 .\CortexM3\ARM_GCC_493\Debug\Design01.a(I2C_INT.o)
 .debug_frame   0x000005d0       0xe0 .\CortexM3\ARM_GCC_493\Debug\Design01.a(ADC_SAR_1_theACLK.o)
 .debug_frame   0x000006b0      0x1f4 .\CortexM3\ARM_GCC_493\Debug\Design01.a(CyDmac.o)
 .debug_frame   0x000008a4      0x728 .\CortexM3\ARM_GCC_493\Debug\Design01.a(CyLib.o)
 .debug_frame   0x00000fcc      0x1f8 .\CortexM3\ARM_GCC_493\Debug\Design01.a(cyPm.o)
 .debug_frame   0x000011c4       0x50 .\CortexM3\ARM_GCC_493\Debug\Design01.a(Pin_Status_1.o)
 .debug_frame   0x00001214       0x54 .\CortexM3\ARM_GCC_493\Debug\Design01.a(DMA_FILT2RAM_dma.o)
 .debug_frame   0x00001268       0x54 .\CortexM3\ARM_GCC_493\Debug\Design01.a(DMA_ADC2FILT_dma.o)
 .debug_frame   0x000012bc      0x104 .\CortexM3\ARM_GCC_493\Debug\Design01.a(ISR_DMA_FILT2RAM.o)
 .debug_frame   0x000013c0      0x104 .\CortexM3\ARM_GCC_493\Debug\Design01.a(Filter.o)
 .debug_frame   0x000014c4       0x30 .\CortexM3\ARM_GCC_493\Debug\Design01.a(Filter_PVT.o)
 .debug_frame   0x000014f4       0x54 .\CortexM3\ARM_GCC_493\Debug\Design01.a(DMA_ADC2RAM_dma.o)
 .debug_frame   0x00001548       0x54 .\CortexM3\ARM_GCC_493\Debug\Design01.a(DMA_RAM2DAC_dma.o)
 .debug_frame   0x0000159c       0xb4 .\CortexM3\ARM_GCC_493\Debug\Design01.a(VDACL.o)
 .debug_frame   0x00001650       0xb4 .\CortexM3\ARM_GCC_493\Debug\Design01.a(VDACH.o)
 .debug_frame   0x00001704       0x54 .\CortexM3\ARM_GCC_493\Debug\Design01.a(DMA_RAM2FILT_dma.o)
 .debug_frame   0x00001758      0x174 .\CortexM3\ARM_GCC_493\Debug\Design01.a(CyFlash.o)
 .debug_frame   0x000018cc      0x160 .\CortexM3\ARM_GCC_493\Debug\Design01.a(CySpc.o)
 .debug_frame   0x00001a2c       0x28 c:/program files (x86)/cypress/psoc creator/3.3/psoc creator/import/gnu/arm/4.9.3/bin/../lib/gcc/arm-none-eabi/4.9.3/armv7-m\libgcc.a(_aeabi_ldivmod.o)
 .debug_frame   0x00001a54       0x54 c:/program files (x86)/cypress/psoc creator/3.3/psoc creator/import/gnu/arm/4.9.3/bin/../lib/gcc/arm-none-eabi/4.9.3/armv7-m\libgcc.a(bpabi.o)
 .debug_frame   0x00001aa8       0x34 c:/program files (x86)/cypress/psoc creator/3.3/psoc creator/import/gnu/arm/4.9.3/bin/../lib/gcc/arm-none-eabi/4.9.3/armv7-m\libgcc.a(_divdi3.o)
 .debug_frame   0x00001adc       0x34 c:/program files (x86)/cypress/psoc creator/3.3/psoc creator/import/gnu/arm/4.9.3/bin/../lib/gcc/arm-none-eabi/4.9.3/armv7-m\libgcc.a(_udivdi3.o)
 .debug_frame   0x00001b10       0x20 c:/program files (x86)/cypress/psoc creator/3.3/psoc creator/import/gnu/arm/4.9.3/bin/../lib/gcc/arm-none-eabi/4.9.3/../../../../arm-none-eabi/lib/armv7-m\libg_nano.a(lib_a-errno.o)
 .debug_frame   0x00001b30       0x28 c:/program files (x86)/cypress/psoc creator/3.3/psoc creator/import/gnu/arm/4.9.3/bin/../lib/gcc/arm-none-eabi/4.9.3/../../../../arm-none-eabi/lib/armv7-m\libg_nano.a(lib_a-exit.o)
 .debug_frame   0x00001b58       0x2c c:/program files (x86)/cypress/psoc creator/3.3/psoc creator/import/gnu/arm/4.9.3/bin/../lib/gcc/arm-none-eabi/4.9.3/../../../../arm-none-eabi/lib/armv7-m\libg_nano.a(lib_a-init.o)
 .debug_frame   0x00001b84       0x28 c:/program files (x86)/cypress/psoc creator/3.3/psoc creator/import/gnu/arm/4.9.3/bin/../lib/gcc/arm-none-eabi/4.9.3/../../../../arm-none-eabi/lib/armv7-m\libg_nano.a(lib_a-memcpy.o)
 .debug_frame   0x00001bac       0x20 c:/program files (x86)/cypress/psoc creator/3.3/psoc creator/import/gnu/arm/4.9.3/bin/../lib/gcc/arm-none-eabi/4.9.3/../../../../arm-none-eabi/lib/armv7-m\libg_nano.a(lib_a-memset.o)

.debug_str      0x00000000     0x250d
 *(.debug_str)
 .debug_str     0x00000000      0x4ab .\CortexM3\ARM_GCC_493\Debug\main.o
                                0x4ec (size before relaxing)
 .debug_str     0x000004ab       0x77 .\CortexM3\ARM_GCC_493\Debug\cymetadata.o
                                0x1e9 (size before relaxing)
 .debug_str     0x00000522      0x163 .\CortexM3\ARM_GCC_493\Debug\Cm3Start.o
                                0x30d (size before relaxing)
 .debug_str     0x00000685      0x153 .\CortexM3\ARM_GCC_493\Debug\Design01.a(cyfitter_cfg.o)
                                0x30c (size before relaxing)
 .debug_str     0x000007d8      0x29a .\CortexM3\ARM_GCC_493\Debug\Design01.a(ADC_SAR_1.o)
                                0x4c7 (size before relaxing)
 .debug_str     0x00000a72       0x37 .\CortexM3\ARM_GCC_493\Debug\Design01.a(ADC_SAR_1_INT.o)
                                0x19a (size before relaxing)
 .debug_str     0x00000aa9      0x159 .\CortexM3\ARM_GCC_493\Debug\Design01.a(I2C.o)
                                0x36d (size before relaxing)
 .debug_str     0x00000c02       0x58 .\CortexM3\ARM_GCC_493\Debug\Design01.a(I2C_PM.o)
                                0x265 (size before relaxing)
 .debug_str     0x00000c5a       0x37 .\CortexM3\ARM_GCC_493\Debug\Design01.a(I2C_INT.o)
                                0x219 (size before relaxing)
 .debug_str     0x00000c91      0x1c0 .\CortexM3\ARM_GCC_493\Debug\Design01.a(ADC_SAR_1_theACLK.o)
                                0x365 (size before relaxing)
 .debug_str     0x00000e51      0x2fc .\CortexM3\ARM_GCC_493\Debug\Design01.a(CyDmac.o)
                                0x53d (size before relaxing)
 .debug_str     0x0000114d      0x7a6 .\CortexM3\ARM_GCC_493\Debug\Design01.a(CyLib.o)
                                0xa22 (size before relaxing)
 .debug_str     0x000018f3      0x35b .\CortexM3\ARM_GCC_493\Debug\Design01.a(cyPm.o)
                                0x71a (size before relaxing)
 .debug_str     0x00001c4e       0x66 .\CortexM3\ARM_GCC_493\Debug\Design01.a(Pin_Status_1.o)
                                0x204 (size before relaxing)
 .debug_str     0x00001cb4       0x96 .\CortexM3\ARM_GCC_493\Debug\Design01.a(DMA_FILT2RAM_dma.o)
                                0x284 (size before relaxing)
 .debug_str     0x00001d4a       0x5b .\CortexM3\ARM_GCC_493\Debug\Design01.a(DMA_ADC2FILT_dma.o)
                                0x284 (size before relaxing)
 .debug_str     0x00001da5      0x169 .\CortexM3\ARM_GCC_493\Debug\Design01.a(ISR_DMA_FILT2RAM.o)
                                0x333 (size before relaxing)
 .debug_str     0x00001f0e      0x14f .\CortexM3\ARM_GCC_493\Debug\Design01.a(Filter.o)
                                0x32f (size before relaxing)
 .debug_str     0x0000205d       0x2d .\CortexM3\ARM_GCC_493\Debug\Design01.a(Filter_PVT.o)
                                0x1ce (size before relaxing)
 .debug_str     0x0000208a       0x2b .\CortexM3\ARM_GCC_493\Debug\Design01.a(Filter_RAM_Data.o)
                                0x1df (size before relaxing)
 .debug_str     0x000020b5       0x58 .\CortexM3\ARM_GCC_493\Debug\Design01.a(DMA_ADC2RAM_dma.o)
                                0x280 (size before relaxing)
 .debug_str     0x0000210d       0x58 .\CortexM3\ARM_GCC_493\Debug\Design01.a(DMA_RAM2DAC_dma.o)
                                0x280 (size before relaxing)
 .debug_str     0x00002165       0x8a .\CortexM3\ARM_GCC_493\Debug\Design01.a(VDACL.o)
                                0x21e (size before relaxing)
 .debug_str     0x000021ef       0x7e .\CortexM3\ARM_GCC_493\Debug\Design01.a(VDACH.o)
                                0x21e (size before relaxing)
 .debug_str     0x0000226d       0x5b .\CortexM3\ARM_GCC_493\Debug\Design01.a(DMA_RAM2FILT_dma.o)
                                0x284 (size before relaxing)
 .debug_str     0x000022c8      0x197 .\CortexM3\ARM_GCC_493\Debug\Design01.a(CyFlash.o)
                                0x394 (size before relaxing)
 .debug_str     0x0000245f       0xae .\CortexM3\ARM_GCC_493\Debug\Design01.a(CySpc.o)
                                0x31d (size before relaxing)

.debug_loc      0x00000000     0x2f5c
 *(.debug_loc)
 .debug_loc     0x00000000       0x4c .\CortexM3\ARM_GCC_493\Debug\main.o
 .debug_loc     0x0000004c      0x144 .\CortexM3\ARM_GCC_493\Debug\Cm3Start.o
 .debug_loc     0x00000190      0x1fd .\CortexM3\ARM_GCC_493\Debug\Design01.a(cyfitter_cfg.o)
 .debug_loc     0x0000038d      0x29f .\CortexM3\ARM_GCC_493\Debug\Design01.a(ADC_SAR_1.o)
 .debug_loc     0x0000062c       0x95 .\CortexM3\ARM_GCC_493\Debug\Design01.a(I2C.o)
 .debug_loc     0x000006c1       0x13 .\CortexM3\ARM_GCC_493\Debug\Design01.a(I2C_PM.o)
 .debug_loc     0x000006d4      0x12c .\CortexM3\ARM_GCC_493\Debug\Design01.a(ADC_SAR_1_theACLK.o)
 .debug_loc     0x00000800      0xb83 .\CortexM3\ARM_GCC_493\Debug\Design01.a(CyDmac.o)
 .debug_loc     0x00001383      0xa11 .\CortexM3\ARM_GCC_493\Debug\Design01.a(CyLib.o)
 .debug_loc     0x00001d94      0x1e4 .\CortexM3\ARM_GCC_493\Debug\Design01.a(cyPm.o)
 .debug_loc     0x00001f78       0x42 .\CortexM3\ARM_GCC_493\Debug\Design01.a(Pin_Status_1.o)
 .debug_loc     0x00001fba       0x84 .\CortexM3\ARM_GCC_493\Debug\Design01.a(DMA_FILT2RAM_dma.o)
 .debug_loc     0x0000203e       0x84 .\CortexM3\ARM_GCC_493\Debug\Design01.a(DMA_ADC2FILT_dma.o)
 .debug_loc     0x000020c2       0x56 .\CortexM3\ARM_GCC_493\Debug\Design01.a(ISR_DMA_FILT2RAM.o)
 .debug_loc     0x00002118      0x23d .\CortexM3\ARM_GCC_493\Debug\Design01.a(Filter.o)
 .debug_loc     0x00002355       0x3c .\CortexM3\ARM_GCC_493\Debug\Design01.a(Filter_PVT.o)
 .debug_loc     0x00002391       0x84 .\CortexM3\ARM_GCC_493\Debug\Design01.a(DMA_ADC2RAM_dma.o)
 .debug_loc     0x00002415       0x84 .\CortexM3\ARM_GCC_493\Debug\Design01.a(DMA_RAM2DAC_dma.o)
 .debug_loc     0x00002499       0x79 .\CortexM3\ARM_GCC_493\Debug\Design01.a(VDACL.o)
 .debug_loc     0x00002512       0x79 .\CortexM3\ARM_GCC_493\Debug\Design01.a(VDACH.o)
 .debug_loc     0x0000258b       0x84 .\CortexM3\ARM_GCC_493\Debug\Design01.a(DMA_RAM2FILT_dma.o)
 .debug_loc     0x0000260f      0x300 .\CortexM3\ARM_GCC_493\Debug\Design01.a(CyFlash.o)
 .debug_loc     0x0000290f      0x64d .\CortexM3\ARM_GCC_493\Debug\Design01.a(CySpc.o)

.debug_macinfo
 *(.debug_macinfo)

.debug_ranges   0x00000000      0x920
 *(.debug_ranges)
 .debug_ranges  0x00000000       0x40 .\CortexM3\ARM_GCC_493\Debug\main.o
 .debug_ranges  0x00000040       0x38 .\CortexM3\ARM_GCC_493\Debug\Cm3Start.o
 .debug_ranges  0x00000078       0x48 .\CortexM3\ARM_GCC_493\Debug\Design01.a(cyfitter_cfg.o)
 .debug_ranges  0x000000c0       0x98 .\CortexM3\ARM_GCC_493\Debug\Design01.a(ADC_SAR_1.o)
 .debug_ranges  0x00000158       0x10 .\CortexM3\ARM_GCC_493\Debug\Design01.a(ADC_SAR_1_INT.o)
 .debug_ranges  0x00000168       0x48 .\CortexM3\ARM_GCC_493\Debug\Design01.a(I2C.o)
 .debug_ranges  0x000001b0       0x28 .\CortexM3\ARM_GCC_493\Debug\Design01.a(I2C_PM.o)
 .debug_ranges  0x000001d8       0x10 .\CortexM3\ARM_GCC_493\Debug\Design01.a(I2C_INT.o)
 .debug_ranges  0x000001e8       0x60 .\CortexM3\ARM_GCC_493\Debug\Design01.a(ADC_SAR_1_theACLK.o)
 .debug_ranges  0x00000248       0xc8 .\CortexM3\ARM_GCC_493\Debug\Design01.a(CyDmac.o)
 .debug_ranges  0x00000310      0x288 .\CortexM3\ARM_GCC_493\Debug\Design01.a(CyLib.o)
 .debug_ranges  0x00000598       0x88 .\CortexM3\ARM_GCC_493\Debug\Design01.a(cyPm.o)
 .debug_ranges  0x00000620       0x28 .\CortexM3\ARM_GCC_493\Debug\Design01.a(Pin_Status_1.o)
 .debug_ranges  0x00000648       0x18 .\CortexM3\ARM_GCC_493\Debug\Design01.a(DMA_FILT2RAM_dma.o)
 .debug_ranges  0x00000660       0x18 .\CortexM3\ARM_GCC_493\Debug\Design01.a(DMA_ADC2FILT_dma.o)
 .debug_ranges  0x00000678       0x70 .\CortexM3\ARM_GCC_493\Debug\Design01.a(ISR_DMA_FILT2RAM.o)
 .debug_ranges  0x000006e8       0x70 .\CortexM3\ARM_GCC_493\Debug\Design01.a(Filter.o)
 .debug_ranges  0x00000758       0x18 .\CortexM3\ARM_GCC_493\Debug\Design01.a(Filter_PVT.o)
 .debug_ranges  0x00000770       0x18 .\CortexM3\ARM_GCC_493\Debug\Design01.a(DMA_ADC2RAM_dma.o)
 .debug_ranges  0x00000788       0x18 .\CortexM3\ARM_GCC_493\Debug\Design01.a(DMA_RAM2DAC_dma.o)
 .debug_ranges  0x000007a0       0x48 .\CortexM3\ARM_GCC_493\Debug\Design01.a(VDACL.o)
 .debug_ranges  0x000007e8       0x48 .\CortexM3\ARM_GCC_493\Debug\Design01.a(VDACH.o)
 .debug_ranges  0x00000830       0x18 .\CortexM3\ARM_GCC_493\Debug\Design01.a(DMA_RAM2FILT_dma.o)
 .debug_ranges  0x00000848       0x70 .\CortexM3\ARM_GCC_493\Debug\Design01.a(CyFlash.o)
 .debug_ranges  0x000008b8       0x68 .\CortexM3\ARM_GCC_493\Debug\Design01.a(CySpc.o)

.comment        0x00000000       0x70
 .comment       0x00000000       0x70 .\CortexM3\ARM_GCC_493\Debug\main.o
                                 0x71 (size before relaxing)
 .comment       0x00000000       0x71 .\CortexM3\ARM_GCC_493\Debug\cymetadata.o
 .comment       0x00000000       0x71 .\CortexM3\ARM_GCC_493\Debug\Cm3Start.o
 .comment       0x00000000       0x71 .\CortexM3\ARM_GCC_493\Debug\Design01.a(cyfitter_cfg.o)
 .comment       0x00000000       0x71 .\CortexM3\ARM_GCC_493\Debug\Design01.a(ADC_SAR_1.o)
 .comment       0x00000000       0x71 .\CortexM3\ARM_GCC_493\Debug\Design01.a(ADC_SAR_1_INT.o)
 .comment       0x00000000       0x71 .\CortexM3\ARM_GCC_493\Debug\Design01.a(I2C.o)
 .comment       0x00000000       0x71 .\CortexM3\ARM_GCC_493\Debug\Design01.a(I2C_PM.o)
 .comment       0x00000000       0x71 .\CortexM3\ARM_GCC_493\Debug\Design01.a(I2C_INT.o)
 .comment       0x00000000       0x71 .\CortexM3\ARM_GCC_493\Debug\Design01.a(ADC_SAR_1_theACLK.o)
 .comment       0x00000000       0x71 .\CortexM3\ARM_GCC_493\Debug\Design01.a(CyDmac.o)
 .comment       0x00000000       0x71 .\CortexM3\ARM_GCC_493\Debug\Design01.a(CyLib.o)
 .comment       0x00000000       0x71 .\CortexM3\ARM_GCC_493\Debug\Design01.a(cyPm.o)
 .comment       0x00000000       0x71 .\CortexM3\ARM_GCC_493\Debug\Design01.a(Pin_Status_1.o)
 .comment       0x00000000       0x71 .\CortexM3\ARM_GCC_493\Debug\Design01.a(DMA_FILT2RAM_dma.o)
 .comment       0x00000000       0x71 .\CortexM3\ARM_GCC_493\Debug\Design01.a(DMA_ADC2FILT_dma.o)
 .comment       0x00000000       0x71 .\CortexM3\ARM_GCC_493\Debug\Design01.a(ISR_DMA_FILT2RAM.o)
 .comment       0x00000000       0x71 .\CortexM3\ARM_GCC_493\Debug\Design01.a(Filter.o)
 .comment       0x00000000       0x71 .\CortexM3\ARM_GCC_493\Debug\Design01.a(Filter_PVT.o)
 .comment       0x00000000       0x71 .\CortexM3\ARM_GCC_493\Debug\Design01.a(Filter_RAM_Data.o)
 .comment       0x00000000       0x71 .\CortexM3\ARM_GCC_493\Debug\Design01.a(DMA_ADC2RAM_dma.o)
 .comment       0x00000000       0x71 .\CortexM3\ARM_GCC_493\Debug\Design01.a(DMA_RAM2DAC_dma.o)
 .comment       0x00000000       0x71 .\CortexM3\ARM_GCC_493\Debug\Design01.a(VDACL.o)
 .comment       0x00000000       0x71 .\CortexM3\ARM_GCC_493\Debug\Design01.a(VDACH.o)
 .comment       0x00000000       0x71 .\CortexM3\ARM_GCC_493\Debug\Design01.a(DMA_RAM2FILT_dma.o)
 .comment       0x00000000       0x71 .\CortexM3\ARM_GCC_493\Debug\Design01.a(CyFlash.o)
 .comment       0x00000000       0x71 .\CortexM3\ARM_GCC_493\Debug\Design01.a(CySpc.o)

.debug_weaknames
 *(.debug_weaknames)

.debug_funcnames
 *(.debug_funcnames)

.debug_typenames
 *(.debug_typenames)

.debug_varnames
 *(.debug_varnames)

.note.gnu.arm.ident
 *(.note.gnu.arm.ident)

.ARM.attributes
                0x00000000       0x29
 *(.ARM.attributes)
 .ARM.attributes
                0x00000000       0x1d c:/program files (x86)/cypress/psoc creator/3.3/psoc creator/import/gnu/arm/4.9.3/bin/../lib/gcc/arm-none-eabi/4.9.3/armv7-m/crti.o
 .ARM.attributes
                0x0000001d       0x2d c:/program files (x86)/cypress/psoc creator/3.3/psoc creator/import/gnu/arm/4.9.3/bin/../lib/gcc/arm-none-eabi/4.9.3/armv7-m/crtbegin.o
 .ARM.attributes
                0x0000004a       0x1b c:/program files (x86)/cypress/psoc creator/3.3/psoc creator/import/gnu/arm/4.9.3/bin/../lib/gcc/arm-none-eabi/4.9.3/../../../../arm-none-eabi/lib/armv7-m/crt0.o
 .ARM.attributes
                0x00000065       0x33 .\CortexM3\ARM_GCC_493\Debug\main.o
 .ARM.attributes
                0x00000098       0x33 .\CortexM3\ARM_GCC_493\Debug\cymetadata.o
 .ARM.attributes
                0x000000cb       0x33 .\CortexM3\ARM_GCC_493\Debug\Cm3Start.o
 .ARM.attributes
                0x000000fe       0x33 .\CortexM3\ARM_GCC_493\Debug\Design01.a(cyfitter_cfg.o)
 .ARM.attributes
                0x00000131       0x33 .\CortexM3\ARM_GCC_493\Debug\Design01.a(ADC_SAR_1.o)
 .ARM.attributes
                0x00000164       0x33 .\CortexM3\ARM_GCC_493\Debug\Design01.a(ADC_SAR_1_INT.o)
 .ARM.attributes
                0x00000197       0x33 .\CortexM3\ARM_GCC_493\Debug\Design01.a(I2C.o)
 .ARM.attributes
                0x000001ca       0x33 .\CortexM3\ARM_GCC_493\Debug\Design01.a(I2C_PM.o)
 .ARM.attributes
                0x000001fd       0x33 .\CortexM3\ARM_GCC_493\Debug\Design01.a(I2C_INT.o)
 .ARM.attributes
                0x00000230       0x33 .\CortexM3\ARM_GCC_493\Debug\Design01.a(ADC_SAR_1_theACLK.o)
 .ARM.attributes
                0x00000263       0x21 .\CortexM3\ARM_GCC_493\Debug\Design01.a(CyBootAsmGnu.o)
 .ARM.attributes
                0x00000284       0x33 .\CortexM3\ARM_GCC_493\Debug\Design01.a(CyDmac.o)
 .ARM.attributes
                0x000002b7       0x33 .\CortexM3\ARM_GCC_493\Debug\Design01.a(CyLib.o)
 .ARM.attributes
                0x000002ea       0x33 .\CortexM3\ARM_GCC_493\Debug\Design01.a(cyPm.o)
 .ARM.attributes
                0x0000031d       0x33 .\CortexM3\ARM_GCC_493\Debug\Design01.a(Pin_Status_1.o)
 .ARM.attributes
                0x00000350       0x33 .\CortexM3\ARM_GCC_493\Debug\Design01.a(DMA_FILT2RAM_dma.o)
 .ARM.attributes
                0x00000383       0x33 .\CortexM3\ARM_GCC_493\Debug\Design01.a(DMA_ADC2FILT_dma.o)
 .ARM.attributes
                0x000003b6       0x33 .\CortexM3\ARM_GCC_493\Debug\Design01.a(ISR_DMA_FILT2RAM.o)
 .ARM.attributes
                0x000003e9       0x33 .\CortexM3\ARM_GCC_493\Debug\Design01.a(Filter.o)
 .ARM.attributes
                0x0000041c       0x33 .\CortexM3\ARM_GCC_493\Debug\Design01.a(Filter_PVT.o)
 .ARM.attributes
                0x0000044f       0x33 .\CortexM3\ARM_GCC_493\Debug\Design01.a(Filter_RAM_Data.o)
 .ARM.attributes
                0x00000482       0x33 .\CortexM3\ARM_GCC_493\Debug\Design01.a(DMA_ADC2RAM_dma.o)
 .ARM.attributes
                0x000004b5       0x33 .\CortexM3\ARM_GCC_493\Debug\Design01.a(DMA_RAM2DAC_dma.o)
 .ARM.attributes
                0x000004e8       0x33 .\CortexM3\ARM_GCC_493\Debug\Design01.a(VDACL.o)
 .ARM.attributes
                0x0000051b       0x33 .\CortexM3\ARM_GCC_493\Debug\Design01.a(VDACH.o)
 .ARM.attributes
                0x0000054e       0x33 .\CortexM3\ARM_GCC_493\Debug\Design01.a(DMA_RAM2FILT_dma.o)
 .ARM.attributes
                0x00000581       0x33 .\CortexM3\ARM_GCC_493\Debug\Design01.a(CyFlash.o)
 .ARM.attributes
                0x000005b4       0x33 .\CortexM3\ARM_GCC_493\Debug\Design01.a(CySpc.o)
 .ARM.attributes
                0x000005e7       0x1d c:/program files (x86)/cypress/psoc creator/3.3/psoc creator/import/gnu/arm/4.9.3/bin/../lib/gcc/arm-none-eabi/4.9.3/armv7-m\libgcc.a(_arm_addsubsf3.o)
 .ARM.attributes
                0x00000604       0x1d c:/program files (x86)/cypress/psoc creator/3.3/psoc creator/import/gnu/arm/4.9.3/bin/../lib/gcc/arm-none-eabi/4.9.3/armv7-m\libgcc.a(_arm_muldivsf3.o)
 .ARM.attributes
                0x00000621       0x1d c:/program files (x86)/cypress/psoc creator/3.3/psoc creator/import/gnu/arm/4.9.3/bin/../lib/gcc/arm-none-eabi/4.9.3/armv7-m\libgcc.a(_aeabi_ldivmod.o)
 .ARM.attributes
                0x0000063e       0x2d c:/program files (x86)/cypress/psoc creator/3.3/psoc creator/import/gnu/arm/4.9.3/bin/../lib/gcc/arm-none-eabi/4.9.3/armv7-m\libgcc.a(bpabi.o)
 .ARM.attributes
                0x0000066b       0x1d c:/program files (x86)/cypress/psoc creator/3.3/psoc creator/import/gnu/arm/4.9.3/bin/../lib/gcc/arm-none-eabi/4.9.3/armv7-m\libgcc.a(_dvmd_tls.o)
 .ARM.attributes
                0x00000688       0x2d c:/program files (x86)/cypress/psoc creator/3.3/psoc creator/import/gnu/arm/4.9.3/bin/../lib/gcc/arm-none-eabi/4.9.3/armv7-m\libgcc.a(_divdi3.o)
 .ARM.attributes
                0x000006b5       0x2d c:/program files (x86)/cypress/psoc creator/3.3/psoc creator/import/gnu/arm/4.9.3/bin/../lib/gcc/arm-none-eabi/4.9.3/armv7-m\libgcc.a(_udivdi3.o)
 .ARM.attributes
                0x000006e2       0x2d c:/program files (x86)/cypress/psoc creator/3.3/psoc creator/import/gnu/arm/4.9.3/bin/../lib/gcc/arm-none-eabi/4.9.3/../../../../arm-none-eabi/lib/armv7-m\libg_nano.a(lib_a-errno.o)
 .ARM.attributes
                0x0000070f       0x2d c:/program files (x86)/cypress/psoc creator/3.3/psoc creator/import/gnu/arm/4.9.3/bin/../lib/gcc/arm-none-eabi/4.9.3/../../../../arm-none-eabi/lib/armv7-m\libg_nano.a(lib_a-exit.o)
 .ARM.attributes
                0x0000073c       0x2d c:/program files (x86)/cypress/psoc creator/3.3/psoc creator/import/gnu/arm/4.9.3/bin/../lib/gcc/arm-none-eabi/4.9.3/../../../../arm-none-eabi/lib/armv7-m\libg_nano.a(lib_a-impure.o)
 .ARM.attributes
                0x00000769       0x2d c:/program files (x86)/cypress/psoc creator/3.3/psoc creator/import/gnu/arm/4.9.3/bin/../lib/gcc/arm-none-eabi/4.9.3/../../../../arm-none-eabi/lib/armv7-m\libg_nano.a(lib_a-init.o)
 .ARM.attributes
                0x00000796       0x2d c:/program files (x86)/cypress/psoc creator/3.3/psoc creator/import/gnu/arm/4.9.3/bin/../lib/gcc/arm-none-eabi/4.9.3/../../../../arm-none-eabi/lib/armv7-m\libg_nano.a(lib_a-memcpy.o)
 .ARM.attributes
                0x000007c3       0x2d c:/program files (x86)/cypress/psoc creator/3.3/psoc creator/import/gnu/arm/4.9.3/bin/../lib/gcc/arm-none-eabi/4.9.3/../../../../arm-none-eabi/lib/armv7-m\libg_nano.a(lib_a-memset.o)
 .ARM.attributes
                0x000007f0       0x2d c:/program files (x86)/cypress/psoc creator/3.3/psoc creator/import/gnu/arm/4.9.3/bin/../lib/gcc/arm-none-eabi/4.9.3/armv7-m/crtend.o
 .ARM.attributes
                0x0000081d       0x1d c:/program files (x86)/cypress/psoc creator/3.3/psoc creator/import/gnu/arm/4.9.3/bin/../lib/gcc/arm-none-eabi/4.9.3/armv7-m/crtn.o

/DISCARD/
 *(.note.GNU-stack)
OUTPUT(.\CortexM3\ARM_GCC_493\Debug\Design01.elf elf32-littlearm)
